Component: Arm Compiler for Embedded 6.23 Tool: armlink [5f102400]

==============================================================================

Section Cross References

    startup_stm32f401xc.o(STACK) refers (Special) to heapauxi.o(.text) for __use_two_region_memory
    startup_stm32f401xc.o(HEAP) refers (Special) to heapauxi.o(.text) for __use_two_region_memory
    startup_stm32f401xc.o(RESET) refers (Special) to heapauxi.o(.text) for __use_two_region_memory
    startup_stm32f401xc.o(RESET) refers to startup_stm32f401xc.o(STACK) for __initial_sp
    startup_stm32f401xc.o(RESET) refers to startup_stm32f401xc.o(.text) for Reset_Handler
    startup_stm32f401xc.o(RESET) refers to stm32f4xx_it.o(.text.NMI_Handler) for NMI_Handler
    startup_stm32f401xc.o(RESET) refers to stm32f4xx_it.o(.text.HardFault_Handler) for HardFault_Handler
    startup_stm32f401xc.o(RESET) refers to stm32f4xx_it.o(.text.MemManage_Handler) for MemManage_Handler
    startup_stm32f401xc.o(RESET) refers to stm32f4xx_it.o(.text.BusFault_Handler) for BusFault_Handler
    startup_stm32f401xc.o(RESET) refers to stm32f4xx_it.o(.text.UsageFault_Handler) for UsageFault_Handler
    startup_stm32f401xc.o(RESET) refers to stm32f4xx_it.o(.text.SVC_Handler) for SVC_Handler
    startup_stm32f401xc.o(RESET) refers to stm32f4xx_it.o(.text.DebugMon_Handler) for DebugMon_Handler
    startup_stm32f401xc.o(RESET) refers to stm32f4xx_it.o(.text.PendSV_Handler) for PendSV_Handler
    startup_stm32f401xc.o(RESET) refers to stm32f4xx_it.o(.text.SysTick_Handler) for SysTick_Handler
    startup_stm32f401xc.o(.text) refers (Special) to heapauxi.o(.text) for __use_two_region_memory
    startup_stm32f401xc.o(.text) refers to system_stm32f4xx.o(.text.SystemInit) for SystemInit
    startup_stm32f401xc.o(.text) refers to __main.o(!!!main) for __main
    startup_stm32f401xc.o(.text) refers to startup_stm32f401xc.o(HEAP) for Heap_Mem
    startup_stm32f401xc.o(.text) refers to startup_stm32f401xc.o(STACK) for Stack_Mem
    main.o(.text) refers (Special) to _printf_percent.o(.ARM.Collect$$_printf_percent$$00000000) for _printf_percent
    main.o(.text) refers (Special) to _printf_pad.o(.text) for _printf_pre_padding
    main.o(.text) refers (Special) to _printf_truncate.o(.text) for _printf_truncate_unsigned
    main.o(.text) refers (Special) to _printf_c.o(.ARM.Collect$$_printf_percent$$00000013) for _printf_c
    main.o(.text) refers (Special) to _printf_x.o(.ARM.Collect$$_printf_percent$$0000000C) for _printf_x
    main.o(.text) refers (Special) to _printf_o.o(.ARM.Collect$$_printf_percent$$0000000B) for _printf_o
    main.o(.text) refers (Special) to _printf_i.o(.ARM.Collect$$_printf_percent$$00000008) for _printf_i
    main.o(.text) refers (Special) to _printf_d.o(.ARM.Collect$$_printf_percent$$00000009) for _printf_d
    main.o(.text) refers (Special) to _printf_u.o(.ARM.Collect$$_printf_percent$$0000000A) for _printf_u
    main.o(.text) refers (Special) to _printf_lc.o(.ARM.Collect$$_printf_percent$$00000015) for _printf_lc
    main.o(.text) refers (Special) to _printf_dec.o(.text) for _printf_int_dec
    main.o(.text) refers (Special) to _printf_oct_int.o(.text) for _printf_longlong_oct
    main.o(.text) refers (Special) to _printf_hex_int.o(.text) for _printf_longlong_hex
    main.o(.text) refers (Special) to _printf_str.o(.text) for _printf_str
    main.o(.text) refers (Special) to _printf_wctomb.o(.text) for _printf_wctomb
    main.o(.text.CheckAndControlPump) refers (Special) to _printf_percent.o(.ARM.Collect$$_printf_percent$$00000000) for _printf_percent
    main.o(.text.CheckAndControlPump) refers (Special) to _printf_pad.o(.text) for _printf_pre_padding
    main.o(.text.CheckAndControlPump) refers (Special) to _printf_truncate.o(.text) for _printf_truncate_unsigned
    main.o(.text.CheckAndControlPump) refers (Special) to _printf_c.o(.ARM.Collect$$_printf_percent$$00000013) for _printf_c
    main.o(.text.CheckAndControlPump) refers (Special) to _printf_x.o(.ARM.Collect$$_printf_percent$$0000000C) for _printf_x
    main.o(.text.CheckAndControlPump) refers (Special) to _printf_o.o(.ARM.Collect$$_printf_percent$$0000000B) for _printf_o
    main.o(.text.CheckAndControlPump) refers (Special) to _printf_i.o(.ARM.Collect$$_printf_percent$$00000008) for _printf_i
    main.o(.text.CheckAndControlPump) refers (Special) to _printf_d.o(.ARM.Collect$$_printf_percent$$00000009) for _printf_d
    main.o(.text.CheckAndControlPump) refers (Special) to _printf_u.o(.ARM.Collect$$_printf_percent$$0000000A) for _printf_u
    main.o(.text.CheckAndControlPump) refers (Special) to _printf_lc.o(.ARM.Collect$$_printf_percent$$00000015) for _printf_lc
    main.o(.text.CheckAndControlPump) refers (Special) to _printf_dec.o(.text) for _printf_int_dec
    main.o(.text.CheckAndControlPump) refers (Special) to _printf_oct_int.o(.text) for _printf_longlong_oct
    main.o(.text.CheckAndControlPump) refers (Special) to _printf_hex_int.o(.text) for _printf_longlong_hex
[...]
    ../clib/signal.c                         0x00000000   Number         0  defsig_abrt_inner.o ABSOLUTE
    ../clib/signal.c                         0x00000000   Number         0  defsig_stak_inner.o ABSOLUTE
    ../clib/signal.c                         0x00000000   Number         0  defsig_pvfn_inner.o ABSOLUTE
    ../clib/signal.c                         0x00000000   Number         0  defsig_cppl_inner.o ABSOLUTE
    ../clib/signal.c                         0x00000000   Number         0  defsig_segv_inner.o ABSOLUTE
    ../clib/signal.c                         0x00000000   Number         0  defsig_other.o ABSOLUTE
    ../clib/signal.s                         0x00000000   Number         0  defsig.o ABSOLUTE
    ../clib/stdio.c                          0x00000000   Number         0  stdio_streams.o ABSOLUTE
    ../clib/stdio.c                          0x00000000   Number         0  ferror.o ABSOLUTE
    ../clib/stdio.c                          0x00000000   Number         0  fputc.o ABSOLUTE
    ../clib/stdio.c                          0x00000000   Number         0  initio.o ABSOLUTE
    ../clib/stdio.c                          0x00000000   Number         0  fputc_locked.o ABSOLUTE
    ../clib/stdio.c                          0x00000000   Number         0  ferror_locked.o ABSOLUTE
    ../clib/stdio.c                          0x00000000   Number         0  initio_locked.o ABSOLUTE
    ../clib/stdio.c                          0x00000000   Number         0  flsbuf.o ABSOLUTE
    ../clib/stdio.c                          0x00000000   Number         0  setvbuf.o ABSOLUTE
    ../clib/stdio.c                          0x00000000   Number         0  streamlock.o ABSOLUTE
    ../clib/stdio.c                          0x00000000   Number         0  fopen.o ABSOLUTE
    ../clib/stdio.c                          0x00000000   Number         0  fclose.o ABSOLUTE
    ../clib/stdio.c                          0x00000000   Number         0  setvbuf_locked.o ABSOLUTE
    ../clib/stdio.c                          0x00000000   Number         0  fopen_locked.o ABSOLUTE
    ../clib/stdio.c                          0x00000000   Number         0  fseek.o ABSOLUTE
    ../clib/stdio.c                          0x00000000   Number         0  stdio.o ABSOLUTE
    ../clib/stdio.c                          0x00000000   Number         0  fwritefast.o ABSOLUTE
    ../clib/stdio.c                          0x00000000   Number         0  fwritefast_locked.o ABSOLUTE
    ../clib/stdio.c                          0x00000000   Number         0  fflush.o ABSOLUTE
    ../clib/stdio.c                          0x00000000   Number         0  fputs.o ABSOLUTE
    ../clib/stdio.c                          0x00000000   Number         0  ftell.o ABSOLUTE
    ../clib/stdio.c                          0x00000000   Number         0  fputs_locked.o ABSOLUTE
    ../clib/stdio.c                          0x00000000   Number         0  fflush_locked.o ABSOLUTE
    ../clib/stdlib.c                         0x00000000   Number         0  exit.o ABSOLUTE
    ../clib/string.c                         0x00000000   Number         0  strlen.o ABSOLUTE
    ../clib/wchar.c                          0x00000000   Number         0  flsbuf_fwide.o ABSOLUTE
    ../fplib/fpinit.s                        0x00000000   Number         0  fpinit.o ABSOLUTE
    DS3231.c                                 0x00000000   Number         0  ds3231.o ABSOLUTE
    dc.s                                     0x00000000   Number         0  dc.o ABSOLUTE
    gpio.c                                   0x00000000   Number         0  gpio.o ABSOLUTE
    i2c.c                                    0x00000000   Number         0  i2c.o ABSOLUTE
    main.c                                   0x00000000   Number         0  main.o ABSOLUTE
    startup_stm32f401xc.s                    0x00000000   Number         0  startup_stm32f401xc.o ABSOLUTE
    stm32f4xx_hal.c                          0x00000000   Number         0  stm32f4xx_hal.o ABSOLUTE
    stm32f4xx_hal_cortex.c                   0x00000000   Number         0  stm32f4xx_hal_cortex.o ABSOLUTE
    stm32f4xx_hal_dma.c                      0x00000000   Number         0  stm32f4xx_hal_dma.o ABSOLUTE
    stm32f4xx_hal_dma_ex.c                   0x00000000   Number         0  stm32f4xx_hal_dma_ex.o ABSOLUTE
    stm32f4xx_hal_exti.c                     0x00000000   Number         0  stm32f4xx_hal_exti.o ABSOLUTE
    stm32f4xx_hal_flash.c                    0x00000000   Number         0  stm32f4xx_hal_flash.o ABSOLUTE
    stm32f4xx_hal_flash_ex.c                 0x00000000   Number         0  stm32f4xx_hal_flash_ex.o ABSOLUTE
    stm32f4xx_hal_flash_ramfunc.c            0x00000000   Number         0  stm32f4xx_hal_flash_ramfunc.o ABSOLUTE
    stm32f4xx_hal_gpio.c                     0x00000000   Number         0  stm32f4xx_hal_gpio.o ABSOLUTE
    stm32f4xx_hal_i2c.c                      0x00000000   Number         0  stm32f4xx_hal_i2c.o ABSOLUTE
    stm32f4xx_hal_i2c_ex.c                   0x00000000   Number         0  stm32f4xx_hal_i2c_ex.o ABSOLUTE
    stm32f4xx_hal_msp.c                      0x00000000   Number         0  stm32f4xx_hal_msp.o ABSOLUTE
    stm32f4xx_hal_pwr.c                      0x00000000   Number         0  stm32f4xx_hal_pwr.o ABSOLUTE
    stm32f4xx_hal_pwr_ex.c                   0x00000000   Number         0  stm32f4xx_hal_pwr_ex.o ABSOLUTE
    stm32f4xx_hal_rcc.c                      0x00000000   Number         0  stm32f4xx_hal_rcc.o ABSOLUTE
    stm32f4xx_hal_rcc_ex.c                   0x00000000   Number         0  stm32f4xx_hal_rcc_ex.o ABSOLUTE
    stm32f4xx_hal_uart.c                     0x00000000   Number         0  stm32f4xx_hal_uart.o ABSOLUTE
    stm32f4xx_it.c                           0x00000000   Number         0  stm32f4xx_it.o ABSOLUTE
    system_stm32f4xx.c                       0x00000000   Number         0  system_stm32f4xx.o ABSOLUTE
    usart.c                                  0x00000000   Number         0  usart.o ABSOLUTE
    RESET                                    0x08000000   Section      404  startup_stm32f401xc.o(RESET)
    !!!main                                  0x08000194   Section        8  __main.o(!!!main)
    !!!scatter                               0x0800019c   Section       92  __scatter.o(!!!scatter)
    !!handler_copy                           0x080001f8   Section       26  __scatter_copy.o(!!handler_copy)
    !!handler_null                           0x08000214   Section        2  __scatter.o(!!handler_null)
    !!handler_zi                             0x08000218   Section       28  __scatter_zi.o(!!handler_zi)
    .ARM.Collect$$_printf_percent$$00000000  0x08000234   Section        0  _printf_percent.o(.ARM.Collect$$_printf_percent$$00000000)
    .ARM.Collect$$_printf_percent$$00000008  0x08000234   Section        6  _printf_i.o(.ARM.Collect$$_printf_percent$$00000008)
    .ARM.Collect$$_printf_percent$$00000009  0x0800023a   Section        6  _printf_d.o(.ARM.Collect$$_printf_percent$$00000009)
    .ARM.Collect$$_printf_percent$$0000000A  0x08000240   Section        6  _printf_u.o(.ARM.Collect$$_printf_percent$$0000000A)
    .ARM.Collect$$_printf_percent$$0000000B  0x08000246   Section        6  _printf_o.o(.ARM.Collect$$_printf_percent$$0000000B)
    .ARM.Collect$$_printf_percent$$0000000C  0x0800024c   Section        6  _printf_x.o(.ARM.Collect$$_printf_percent$$0000000C)
    .ARM.Collect$$_printf_percent$$00000012  0x08000252   Section       10  _printf_l.o(.ARM.Collect$$_printf_percent$$00000012)
    .ARM.Collect$$_printf_percent$$00000013  0x0800025c   Section        6  _printf_c.o(.ARM.Collect$$_printf_percent$$00000013)
    .ARM.Collect$$_printf_percent$$00000015  0x08000262   Section        6  _printf_lc.o(.ARM.Collect$$_printf_percent$$00000015)
    .ARM.Collect$$_printf_percent$$00000017  0x08000268   Section        4  _printf_percent_end.o(.ARM.Collect$$_printf_percent$$00000017)
    .ARM.Collect$$libinit$$00000000          0x0800026c   Section        2  libinit.o(.ARM.Collect$$libinit$$00000000)
    .ARM.Collect$$libinit$$00000001          0x0800026e   Section        4  libinit2.o(.ARM.Collect$$libinit$$00000001)
    .ARM.Collect$$libinit$$00000004          0x08000272   Section        0  libinit2.o(.ARM.Collect$$libinit$$00000004)
    .ARM.Collect$$libinit$$00000006          0x08000272   Section        0  libinit2.o(.ARM.Collect$$libinit$$00000006)
    .ARM.Collect$$libinit$$00000007          0x08000272   Section        8  libinit2.o(.ARM.Collect$$libinit$$00000007)
    .ARM.Collect$$libinit$$0000000C          0x0800027a   Section        0  libinit2.o(.ARM.Collect$$libinit$$0000000C)
    .ARM.Collect$$libinit$$0000000E          0x0800027a   Section        0  libinit2.o(.ARM.Collect$$libinit$$0000000E)
    .ARM.Collect$$libinit$$00000010          0x0800027a   Section        0  libinit2.o(.ARM.Collect$$libinit$$00000010)
    .ARM.Collect$$libinit$$00000011          0x0800027a   Section        6  libinit2.o(.ARM.Collect$$libinit$$00000011)
    .ARM.Collect$$libinit$$00000013          0x08000280   Section        0  libinit2.o(.ARM.Collect$$libinit$$00000013)
    .ARM.Collect$$libinit$$00000014          0x08000280   Section       12  libinit2.o(.ARM.Collect$$libinit$$00000014)
    .ARM.Collect$$libinit$$00000015          0x0800028c   Section        0  libinit2.o(.ARM.Collect$$libinit$$00000015)
    .ARM.Collect$$libinit$$00000017          0x0800028c   Section        0  libinit2.o(.ARM.Collect$$libinit$$00000017)
    .ARM.Collect$$libinit$$00000019          0x0800028c   Section        0  libinit2.o(.ARM.Collect$$libinit$$00000019)
    .ARM.Collect$$libinit$$0000001B          0x0800028c   Section        0  libinit2.o(.ARM.Collect$$libinit$$0000001B)
    .ARM.Collect$$libinit$$0000001D          0x0800028c   Section        0  libinit2.o(.ARM.Collect$$libinit$$0000001D)
    .ARM.Collect$$libinit$$0000001F          0x0800028c   Section        0  libinit2.o(.ARM.Collect$$libinit$$0000001F)
    .ARM.Collect$$libinit$$00000021          0x0800028c   Section        0  libinit2.o(.ARM.Collect$$libinit$$00000021)
    .ARM.Collect$$libinit$$00000023          0x0800028c   Section        0  libinit2.o(.ARM.Collect$$libinit$$00000023)
    .ARM.Collect$$libinit$$00000025          0x0800028c   Section        0  libinit2.o(.ARM.Collect$$libinit$$00000025)
    .ARM.Collect$$libinit$$00000026          0x0800028c   Section        4  libinit2.o(.ARM.Collect$$libinit$$00000026)
    .ARM.Collect$$libinit$$00000027          0x08000290   Section        0  libinit2.o(.ARM.Collect$$libinit$$00000027)
    .ARM.Collect$$libinit$$0000002E          0x08000290   Section        0  libinit2.o(.ARM.Collect$$libinit$$0000002E)
    .ARM.Collect$$libinit$$00000030          0x08000290   Section        0  libinit2.o(.ARM.Collect$$libinit$$00000030)
    .ARM.Collect$$libinit$$00000032          0x08000290   Section        0  libinit2.o(.ARM.Collect$$libinit$$00000032)
    .ARM.Collect$$libinit$$00000034          0x08000290   Section        0  libinit2.o(.ARM.Collect$$libinit$$00000034)
    .ARM.Collect$$libinit$$00000035          0x08000290   Section        2  libinit2.o(.ARM.Collect$$libinit$$00000035)
    .ARM.Collect$$libshutdown$$00000000      0x08000292   Section        2  libshutdown.o(.ARM.Collect$$libshutdown$$00000000)
    .ARM.Collect$$libshutdown$$00000002      0x08000294   Section        0  libshutdown2.o(.ARM.Collect$$libshutdown$$00000002)
    .ARM.Collect$$libshutdown$$00000003      0x08000294   Section        4  libshutdown2.o(.ARM.Collect$$libshutdown$$00000003)
    .ARM.Collect$$libshutdown$$00000004      0x08000298   Section        0  libshutdown2.o(.ARM.Collect$$libshutdown$$00000004)
    .ARM.Collect$$libshutdown$$00000007      0x08000298   Section        0  libshutdown2.o(.ARM.Collect$$libshutdown$$00000007)
    .ARM.Collect$$libshutdown$$0000000A      0x08000298   Section        0  libshutdown2.o(.ARM.Collect$$libshutdown$$0000000A)
    .ARM.Collect$$libshutdown$$0000000C      0x08000298   Section        0  libshutdown2.o(.ARM.Collect$$libshutdown$$0000000C)
    .ARM.Collect$$libshutdown$$0000000F      0x08000298   Section        0  libshutdown2.o(.ARM.Collect$$libshutdown$$0000000F)
    .ARM.Collect$$libshutdown$$00000010      0x08000298   Section        2  libshutdown2.o(.ARM.Collect$$libshutdown$$00000010)
    .ARM.Collect$$rtentry$$00000000          0x0800029a   Section        0  __rtentry.o(.ARM.Collect$$rtentry$$00000000)
    .ARM.Collect$$rtentry$$00000002          0x0800029a   Section        0  __rtentry2.o(.ARM.Collect$$rtentry$$00000002)
    .ARM.Collect$$rtentry$$00000004          0x0800029a   Section        6  __rtentry4.o(.ARM.Collect$$rtentry$$00000004)
    .ARM.Collect$$rtentry$$00000009          0x080002a0   Section        0  __rtentry2.o(.ARM.Collect$$rtentry$$00000009)
    .ARM.Collect$$rtentry$$0000000A          0x080002a0   Section        4  __rtentry2.o(.ARM.Collect$$rtentry$$0000000A)
    .ARM.Collect$$rtentry$$0000000C          0x080002a4   Section        0  __rtentry2.o(.ARM.Collect$$rtentry$$0000000C)
    .ARM.Collect$$rtentry$$0000000D          0x080002a4   Section        8  __rtentry2.o(.ARM.Collect$$rtentry$$0000000D)
    .ARM.Collect$$rtexit$$00000000           0x080002ac   Section        2  rtexit.o(.ARM.Collect$$rtexit$$00000000)
    .ARM.Collect$$rtexit$$00000002           0x080002ae   Section        0  rtexit2.o(.ARM.Collect$$rtexit$$00000002)
    .ARM.Collect$$rtexit$$00000003           0x080002ae   Section        4  rtexit2.o(.ARM.Collect$$rtexit$$00000003)
    .ARM.Collect$$rtexit$$00000004           0x080002b2   Section        6  rtexit2.o(.ARM.Collect$$rtexit$$00000004)
    $v0                                      0x080002b8   Number         0  startup_stm32f401xc.o(.text)
    .text                                    0x080002b8   Section       64  startup_stm32f401xc.o(.text)
    .text                                    0x080002f8   Section      240  lludivv7m.o(.text)
    .text                                    0x080003e8   Section        0  noretval__2printf.o(.text)
    .text                                    0x08000400   Section        0  _printf_pad.o(.text)
    .text                                    0x0800044e   Section        0  _printf_truncate.o(.text)
    .text                                    0x08000472   Section        0  _printf_str.o(.text)
    .text                                    0x080004c4   Section        0  _printf_dec.o(.text)
    .text                                    0x0800053c   Section        0  _printf_wctomb.o(.text)
    .text                                    0x080005f8   Section        0  _printf_oct_int.o(.text)
    .text                                    0x0800064c   Section        0  _printf_hex_int.o(.text)
    .text                                    0x080006a4   Section        0  __printf_flags_ss_wp.o(.text)
    .text                                    0x0800082c   Section       78  rt_memclr_w.o(.text)
    .text                                    0x0800087a   Section        0  heapauxi.o(.text)
    .text                                    0x08000880   Section        0  _printf_intcommon.o(.text)
    .text                                    0x08000932   Section        0  _printf_char.o(.text)
    .text                                    0x08000960   Section        0  _printf_char_file.o(.text)
    .text                                    0x08000984   Section        0  _printf_wchar.o(.text)
    .text                                    0x080009b0   Section        0  _c16rtomb.o(.text)
    .text                                    0x080009f8   Section       16  rt_ctype_table.o(.text)
    _printf_input_char                       0x08000a09   Thumb Code    10  _printf_char_common.o(.text)
    .text                                    0x08000a08   Section        0  _printf_char_common.o(.text)
    .text                                    0x08000a38   Section        0  ferror.o(.text)
    .text                                    0x08000a40   Section        0  initio.o(.text)
    .text                                    0x08000b78   Section       74  sys_stackheap_outer.o(.text)
    .text                                    0x08000bc4   Section        8  rt_locale_intlibspace.o(.text)
    .text                                    0x08000bcc   Section        0  h1_free.o(.text)
    .text                                    0x08000c1a   Section        0  flsbuf.o(.text)
    .text                                    0x08000dfc   Section        0  setvbuf.o(.text)
    _freopen_locked                          0x08000e45   Thumb Code     0  fopen.o(.text)
    .text                                    0x08000e44   Section        0  fopen.o(.text)
    .text                                    0x08000f34   Section        0  fclose.o(.text)
    .text                                    0x08000f80   Section        0  exit.o(.text)
    .text                                    0x08000f92   Section        0  defsig_rtred_outer.o(.text)
    .text                                    0x08000fa0   Section        0  sys_io.o(.text)
    .text                                    0x08001008   Section        8  libspace.o(.text)
    .text                                    0x08001010   Section        8  rt_heap_descriptor_intlibspace.o(.text)
    .text                                    0x08001018   Section        0  hguard.o(.text)
    .text                                    0x0800101c   Section        0  init_alloc.o(.text)
    .text                                    0x080010a6   Section        0  h1_alloc.o(.text)
    .text                                    0x08001104   Section        0  fseek.o(.text)
    .text                                    0x080011fc   Section        0  stdio.o(.text)
    .text                                    0x08001304   Section        0  defsig_exit.o(.text)
    .text                                    0x08001310   Section        0  defsig_rtred_inner.o(.text)
    .text                                    0x08001348   Section      124  strcmpv7em.o(.text)
    .text                                    0x080013c4   Section        0  sys_exit.o(.text)
    .text                                    0x080013d0   Section        2  use_no_semi.o(.text)
    .text                                    0x080013d2   Section        0  indicate_semi.o(.text)
    .text                                    0x080013d2   Section        0  maybetermalloc1.o(.text)
    .text                                    0x080013d2   Section        0  h1_init.o(.text)
    .text                                    0x080013de   Section        0  h1_extend.o(.text)
    .text                                    0x08001412   Section        0  ftell.o(.text)
    .text                                    0x08001454   Section        0  defsig_general.o(.text)
    .text                                    0x08001486   Section        0  defsig_rtmem_outer.o(.text)
    .text                                    0x08001494   Section        0  strlen.o(.text)
    .text                                    0x080014d2   Section        0  sys_wrch.o(.text)
    .text                                    0x080014e0   Section        8  rt_errno_addr_intlibspace.o(.text)
    .text                                    0x080014e8   Section        0  defsig_rtmem_inner.o(.text)
    [Anonymous Symbol]                       0x08001538   Section        0  stm32f4xx_it.o(.text.BusFault_Handler)
    [Anonymous Symbol]                       0x0800153c   Section        0  stm32f4xx_it.o(.text.DebugMon_Handler)
    [Anonymous Symbol]                       0x08001540   Section        0  main.o(.text.Error_Handler)
    [Anonymous Symbol]                       0x08001548   Section        0  stm32f4xx_hal.o(.text.HAL_Delay)
    [Anonymous Symbol]                       0x08001570   Section        0  stm32f4xx_hal_gpio.o(.text.HAL_GPIO_Init)
    [Anonymous Symbol]                       0x08001710   Section        0  stm32f4xx_hal_gpio.o(.text.HAL_GPIO_WritePin)
    [Anonymous Symbol]                       0x0800171c   Section        0  stm32f4xx_hal.o(.text.HAL_GetTick)
    [Anonymous Symbol]                       0x08001728   Section        0  stm32f4xx_hal_i2c.o(.text.HAL_I2C_Init)
    [Anonymous Symbol]                       0x0800188c   Section        0  i2c.o(.text.HAL_I2C_MspInit)
    [Anonymous Symbol]                       0x08001900   Section        0  stm32f4xx_hal.o(.text.HAL_IncTick)
    [Anonymous Symbol]                       0x0800191c   Section        0  stm32f4xx_hal.o(.text.HAL_Init)
    [Anonymous Symbol]                       0x08001954   Section        0  stm32f4xx_hal.o(.text.HAL_InitTick)
    [Anonymous Symbol]                       0x0800199c   Section        0  stm32f4xx_hal_msp.o(.text.HAL_MspInit)
    [Anonymous Symbol]                       0x080019d4   Section        0  stm32f4xx_hal_cortex.o(.text.HAL_NVIC_SetPriority)
    [Anonymous Symbol]                       0x08001a2c   Section        0  stm32f4xx_hal_cortex.o(.text.HAL_NVIC_SetPriorityGrouping)
    [Anonymous Symbol]                       0x08001a4c   Section        0  stm32f4xx_hal_rcc.o(.text.HAL_RCC_ClockConfig)
    [Anonymous Symbol]                       0x08001bb0   Section        0  stm32f4xx_hal_rcc.o(.text.HAL_RCC_GetPCLK1Freq)
    [Anonymous Symbol]                       0x08001bd8   Section        0  stm32f4xx_hal_rcc.o(.text.HAL_RCC_GetPCLK2Freq)
    [Anonymous Symbol]                       0x08001c00   Section        0  stm32f4xx_hal_rcc.o(.text.HAL_RCC_GetSysClockFreq)
    [Anonymous Symbol]                       0x08001c70   Section        0  stm32f4xx_hal_rcc.o(.text.HAL_RCC_OscConfig)
    [Anonymous Symbol]                       0x0800201c   Section        0  stm32f4xx_hal_cortex.o(.text.HAL_SYSTICK_Config)
    [Anonymous Symbol]                       0x08002048   Section        0  stm32f4xx_hal_uart.o(.text.HAL_UART_Init)
    [Anonymous Symbol]                       0x080020a8   Section        0  usart.o(.text.HAL_UART_MspInit)
    [Anonymous Symbol]                       0x08002120   Section        0  stm32f4xx_it.o(.text.HardFault_Handler)
    [Anonymous Symbol]                       0x08002124   Section        0  gpio.o(.text.MX_GPIO_Init)
    [Anonymous Symbol]                       0x080021a4   Section        0  i2c.o(.text.MX_I2C1_Init)
    [Anonymous Symbol]                       0x080021e8   Section        0  usart.o(.text.MX_USART1_UART_Init)
    [Anonymous Symbol]                       0x08002224   Section        0  stm32f4xx_it.o(.text.MemManage_Handler)
    [Anonymous Symbol]                       0x08002228   Section        0  stm32f4xx_it.o(.text.NMI_Handler)
    [Anonymous Symbol]                       0x0800222c   Section        0  stm32f4xx_it.o(.text.PendSV_Handler)
    [Anonymous Symbol]                       0x08002230   Section        0  stm32f4xx_it.o(.text.SVC_Handler)
    [Anonymous Symbol]                       0x08002234   Section        0  stm32f4xx_it.o(.text.SysTick_Handler)
    [Anonymous Symbol]                       0x08002238   Section        0  system_stm32f4xx.o(.text.SystemInit)
    UART_SetConfig                           0x0800224d   Thumb Code   230  stm32f4xx_hal_uart.o(.text.UART_SetConfig)
    [Anonymous Symbol]                       0x0800224c   Section        0  stm32f4xx_hal_uart.o(.text.UART_SetConfig)
    [Anonymous Symbol]                       0x08002334   Section        0  stm32f4xx_it.o(.text.UsageFault_Handler)
    [Anonymous Symbol]                       0x08002338   Section        0  ds3231.o(.text.ds3231_get_time)
    [Anonymous Symbol]                       0x080024ec   Section        0  ds3231.o(.text.i2c_init)
    [Anonymous Symbol]                       0x0800255c   Section        0  main.o(.text.main)
    i._is_digit                              0x0800265a   Section        0  __printf_wp.o(i._is_digit)
    i.fputc                                  0x08002668   Section        0  fputc.o(i.fputc)
    locale$$code                             0x08002684   Section       44  lc_ctype_c.o(locale$$code)
    $v0                                      0x080026b0   Number         0  fpinit.o(x$fpl$fpinit)
    x$fpl$fpinit                             0x080026b0   Section       26  fpinit.o(x$fpl$fpinit)
    initial_mbstate                          0x080026cc   Data           8  _printf_wctomb.o(.constdata)
    .constdata                               0x080026cc   Section        8  _printf_wctomb.o(.constdata)
    uc_hextab                                0x080026d4   Data          20  _printf_hex_int.o(.constdata)
    .constdata                               0x080026d4   Section       40  _printf_hex_int.o(.constdata)
    lc_hextab                                0x080026e8   Data          20  _printf_hex_int.o(.constdata)
    maptable                                 0x080026fc   Data          17  __printf_flags_ss_wp.o(.constdata)
    .constdata                               0x080026fc   Section       17  __printf_flags_ss_wp.o(.constdata)
    .constdata                               0x0800270d   Section        4  sys_io_names.o(.constdata)
    .constdata                               0x08002711   Section        4  sys_io_names.o(.constdata)
    .constdata                               0x08002715   Section        4  sys_io_names.o(.constdata)
    .L.str.1                                 0x08002731   Data          28  main.o(.rodata.str1.1)
    [Anonymous Symbol]                       0x08002731   Section        0  main.o(.rodata.str1.1)
    .L.str                                   0x0800274d   Data          27  main.o(.rodata.str1.1)
    locale$$data                             0x08002788   Section      272  lc_ctype_c.o(locale$$data)
    __lcctype_c_name                         0x0800278c   Data           2  lc_ctype_c.o(locale$$data)
    __lcctype_c_start                        0x08002794   Data           0  lc_ctype_c.o(locale$$data)
    __lcctype_c_end                          0x08002898   Data           0  lc_ctype_c.o(locale$$data)
    .data                                    0x20000000   Section        4  stdio_streams.o(.data)
    .data                                    0x20000004   Section        4  stdio_streams.o(.data)
    .data                                    0x20000008   Section        4  stdio_streams.o(.data)
    .L_MergedGlobals                         0x2000000c   Data           8  stm32f4xx_hal.o(.data..L_MergedGlobals)
    [Anonymous Symbol]                       0x2000000c   Section        0  stm32f4xx_hal.o(.data..L_MergedGlobals)
    .bss                                     0x20000018   Section       84  stdio_streams.o(.bss)
    .bss                                     0x2000006c   Section       84  stdio_streams.o(.bss)
    .bss                                     0x200000c0   Section       84  stdio_streams.o(.bss)
    .bss                                     0x20000114   Section       96  libspace.o(.bss)
    .L_MergedGlobals                         0x20000174   Data           4  main.o(.bss..L_MergedGlobals)
    pumpState                                0x20000174   Data           1  main.o(.bss..L_MergedGlobals)
    [Anonymous Symbol]                       0x20000174   Section        0  main.o(.bss..L_MergedGlobals)
    Heap_Mem                                 0x20000218   Data         512  startup_stm32f401xc.o(HEAP)
    HEAP                                     0x20000218   Section      512  startup_stm32f401xc.o(HEAP)
    Stack_Mem                                0x20000418   Data        1024  startup_stm32f401xc.o(STACK)
    STACK                                    0x20000418   Section     1024  startup_stm32f401xc.o(STACK)
    __initial_sp                             0x20000818   Data           0  startup_stm32f401xc.o(STACK)

    Global Symbols

    Symbol Name                              Value     Ov Type        Size  Object(Section)

    BuildAttributes$$THM_ISAv4$E$P$D$K$B$S$7EM$VFPi3$EXTD16$VFPS$VFMA$PE$A:L22UL41UL21$X:L11$S22US41US21$IEEE1$IW$~IW$USESV6$~STKCKD$USESV7$~SHL$OTIME$ROPI$EBA8$UX$STANDARDLIB$REQ8$PRES8$EABIv2 0x00000000   Number         0  anon$$obj.o ABSOLUTE
    _printf_flags                            0x00000000   Number         0  printf_stubs.o ABSOLUTE
    _printf_return_value                     0x00000000   Number         0  printf_stubs.o ABSOLUTE
    _printf_sizespec                         0x00000000   Number         0  printf_stubs.o ABSOLUTE
    _printf_widthprec                        0x00000000   Number         0  printf_stubs.o ABSOLUTE
    __ARM_exceptions_init                     - Undefined Weak Reference
    __alloca_initialize                       - Undefined Weak Reference
    __arm_preinit_                            - Undefined Weak Reference
    __arm_relocate_pie_                       - Undefined Weak Reference
    __cpp_initialize__aeabi_                  - Undefined Weak Reference
    __cxa_finalize                            - Undefined Weak Reference
    __sigvec_lookup                           - Undefined Weak Reference
    __user_heap_extent                        - Undefined Weak Reference
    _atexit_init                              - Undefined Weak Reference
    _call_atexit_fns                          - Undefined Weak Reference
    _clock_init                               - Undefined Weak Reference
    _fp_trap_init                             - Undefined Weak Reference
    _fp_trap_shutdown                         - Undefined Weak Reference
    _get_lc_collate                           - Undefined Weak Reference
    _get_lc_monetary                          - Undefined Weak Reference
    _get_lc_numeric                           - Undefined Weak Reference
    _get_lc_time                              - Undefined Weak Reference
    _getenv_init                              - Undefined Weak Reference
    _handle_redirection                       - Undefined Weak Reference
    _mutex_acquire                            - Undefined Weak Reference
    _mutex_free                               - Undefined Weak Reference
    _mutex_release                            - Undefined Weak Reference
    _printf_mbtowc                            - Undefined Weak Reference
    _printf_wc                                - Undefined Weak Reference
    _rand_init                                - Undefined Weak Reference
    _signal_finish                            - Undefined Weak Reference
    _signal_init                              - Undefined Weak Reference
    __Vectors_Size                           0x00000194   Number         0  startup_stm32f401xc.o ABSOLUTE
    __Vectors                                0x08000000   Data           4  startup_stm32f401xc.o(RESET)
    __Vectors_End                            0x08000194   Data           0  startup_stm32f401xc.o(RESET)
    __main                                   0x08000195   Thumb Code     8  __main.o(!!!main)
    __scatterload                            0x0800019d   Thumb Code     0  __scatter.o(!!!scatter)
    __scatterload_rt2                        0x0800019d   Thumb Code    84  __scatter.o(!!!scatter)
    __scatterload_rt2_thumb_only             0x0800019d   Thumb Code     0  __scatter.o(!!!scatter)
    __scatterload_loop                       0x080001a7   Thumb Code     0  __scatter.o(!!!scatter)
    __scatterload_copy                       0x080001f9   Thumb Code    26  __scatter_copy.o(!!handler_copy)
    __scatterload_null                       0x08000215   Thumb Code     2  __scatter.o(!!handler_null)
    __scatterload_zeroinit                   0x08000219   Thumb Code    28  __scatter_zi.o(!!handler_zi)
    _printf_i                                0x08000235   Thumb Code     0  _printf_i.o(.ARM.Collect$$_printf_percent$$00000008)
    _printf_percent                          0x08000235   Thumb Code     0  _printf_percent.o(.ARM.Collect$$_printf_percent$$00000000)
    _printf_d                                0x0800023b   Thumb Code     0  _printf_d.o(.ARM.Collect$$_printf_percent$$00000009)
    _printf_u                                0x08000241   Thumb Code     0  _printf_u.o(.ARM.Collect$$_printf_percent$$0000000A)
    _printf_o                                0x08000247   Thumb Code     0  _printf_o.o(.ARM.Collect$$_printf_percent$$0000000B)
    _printf_x                                0x0800024d   Thumb Code     0  _printf_x.o(.ARM.Collect$$_printf_percent$$0000000C)
    _printf_l                                0x08000253   Thumb Code     0  _printf_l.o(.ARM.Collect$$_printf_percent$$00000012)
    _printf_c                                0x0800025d   Thumb Code     0  _printf_c.o(.ARM.Collect$$_printf_percent$$00000013)
    _printf_lc                               0x08000263   Thumb Code     0  _printf_lc.o(.ARM.Collect$$_printf_percent$$00000015)
    _printf_percent_end                      0x08000269   Thumb Code     0  _printf_percent_end.o(.ARM.Collect$$_printf_percent$$00000017)
    __rt_lib_init                            0x0800026d   Thumb Code     0  libinit.o(.ARM.Collect$$libinit$$00000000)
    __rt_lib_init_fp_1                       0x0800026f   Thumb Code     0  libinit2.o(.ARM.Collect$$libinit$$00000001)
    __rt_lib_init_heap_2                     0x08000273   Thumb Code     0  libinit2.o(.ARM.Collect$$libinit$$00000007)
    __rt_lib_init_preinit_1                  0x08000273   Thumb Code     0  libinit2.o(.ARM.Collect$$libinit$$00000006)
    __rt_lib_init_relocate_pie_1             0x08000273   Thumb Code     0  libinit2.o(.ARM.Collect$$libinit$$00000004)
    __rt_lib_init_heap_1                     0x0800027b   Thumb Code     0  libinit2.o(.ARM.Collect$$libinit$$0000000C)
    __rt_lib_init_lc_common                  0x0800027b   Thumb Code     0  libinit2.o(.ARM.Collect$$libinit$$00000011)
    __rt_lib_init_rand_1                     0x0800027b   Thumb Code     0  libinit2.o(.ARM.Collect$$libinit$$00000010)
    __rt_lib_init_user_alloc_1               0x0800027b   Thumb Code     0  libinit2.o(.ARM.Collect$$libinit$$0000000E)
    __rt_lib_init_lc_collate_1               0x08000281   Thumb Code     0  libinit2.o(.ARM.Collect$$libinit$$00000013)
    __rt_lib_init_lc_ctype_2                 0x08000281   Thumb Code     0  libinit2.o(.ARM.Collect$$libinit$$00000014)
    __rt_lib_init_atexit_1                   0x0800028d   Thumb Code     0  libinit2.o(.ARM.Collect$$libinit$$0000001D)
    __rt_lib_init_clock_1                    0x0800028d   Thumb Code     0  libinit2.o(.ARM.Collect$$libinit$$00000023)
    __rt_lib_init_fp_trap_1                  0x0800028d   Thumb Code     0  libinit2.o(.ARM.Collect$$libinit$$00000021)
    __rt_lib_init_getenv_1                   0x0800028d   Thumb Code     0  libinit2.o(.ARM.Collect$$libinit$$00000025)
    __rt_lib_init_lc_ctype_1                 0x0800028d   Thumb Code     0  libinit2.o(.ARM.Collect$$libinit$$00000015)
    __rt_lib_init_lc_monetary_1              0x0800028d   Thumb Code     0  libinit2.o(.ARM.Collect$$libinit$$00000017)
    __rt_lib_init_lc_numeric_1               0x0800028d   Thumb Code     0  libinit2.o(.ARM.Collect$$libinit$$00000019)
    __rt_lib_init_lc_time_1                  0x0800028d   Thumb Code     0  libinit2.o(.ARM.Collect$$libinit$$0000001B)
    __rt_lib_init_signal_1                   0x0800028d   Thumb Code     0  libinit2.o(.ARM.Collect$$libinit$$0000001F)
    __rt_lib_init_stdio_2                    0x0800028d   Thumb Code     0  libinit2.o(.ARM.Collect$$libinit$$00000026)
    __rt_lib_init_alloca_1                   0x08000291   Thumb Code     0  libinit2.o(.ARM.Collect$$libinit$$00000030)
    __rt_lib_init_argv_1                     0x08000291   Thumb Code     0  libinit2.o(.ARM.Collect$$libinit$$0000002E)
    __rt_lib_init_cpp_1                      0x08000291   Thumb Code     0  libinit2.o(.ARM.Collect$$libinit$$00000034)
    __rt_lib_init_exceptions_1               0x08000291   Thumb Code     0  libinit2.o(.ARM.Collect$$libinit$$00000032)
    __rt_lib_init_return                     0x08000291   Thumb Code     0  libinit2.o(.ARM.Collect$$libinit$$00000035)
    __rt_lib_init_stdio_1                    0x08000291   Thumb Code     0  libinit2.o(.ARM.Collect$$libinit$$00000027)
    __rt_lib_shutdown                        0x08000293   Thumb Code     0  libshutdown.o(.ARM.Collect$$libshutdown$$00000000)
    __rt_lib_shutdown_cpp_1                  0x08000295   Thumb Code     0  libshutdown2.o(.ARM.Collect$$libshutdown$$00000002)
    __rt_lib_shutdown_stdio_2                0x08000295   Thumb Code     0  libshutdown2.o(.ARM.Collect$$libshutdown$$00000003)
    __rt_lib_shutdown_fp_trap_1              0x08000299   Thumb Code     0  libshutdown2.o(.ARM.Collect$$libshutdown$$00000007)
    __rt_lib_shutdown_heap_1                 0x08000299   Thumb Code     0  libshutdown2.o(.ARM.Collect$$libshutdown$$0000000F)
    __rt_lib_shutdown_return                 0x08000299   Thumb Code     0  libshutdown2.o(.ARM.Collect$$libshutdown$$00000010)
    __rt_lib_shutdown_signal_1               0x08000299   Thumb Code     0  libshutdown2.o(.ARM.Collect$$libshutdown$$0000000A)
    __rt_lib_shutdown_stdio_1                0x08000299   Thumb Code     0  libshutdown2.o(.ARM.Collect$$libshutdown$$00000004)
    __rt_lib_shutdown_user_alloc_1           0x08000299   Thumb Code     0  libshutdown2.o(.ARM.Collect$$libshutdown$$0000000C)
    __rt_entry                               0x0800029b   Thumb Code     0  __rtentry.o(.ARM.Collect$$rtentry$$00000000)
    __rt_entry_presh_1                       0x0800029b   Thumb Code     0  __rtentry2.o(.ARM.Collect$$rtentry$$00000002)
    __rt_entry_sh                            0x0800029b   Thumb Code     0  __rtentry4.o(.ARM.Collect$$rtentry$$00000004)
    __rt_entry_li                            0x080002a1   Thumb Code     0  __rtentry2.o(.ARM.Collect$$rtentry$$0000000A)
    __rt_entry_postsh_1                      0x080002a1   Thumb Code     0  __rtentry2.o(.ARM.Collect$$rtentry$$00000009)
    __rt_entry_main                          0x080002a5   Thumb Code     0  __rtentry2.o(.ARM.Collect$$rtentry$$0000000D)
    __rt_entry_postli_1                      0x080002a5   Thumb Code     0  __rtentry2.o(.ARM.Collect$$rtentry$$0000000C)
    __rt_exit                                0x080002ad   Thumb Code     0  rtexit.o(.ARM.Collect$$rtexit$$00000000)
    __rt_exit_ls                             0x080002af   Thumb Code     0  rtexit2.o(.ARM.Collect$$rtexit$$00000003)
    __rt_exit_prels_1                        0x080002af   Thumb Code     0  rtexit2.o(.ARM.Collect$$rtexit$$00000002)
    __rt_exit_exit                           0x080002b3   Thumb Code     0  rtexit2.o(.ARM.Collect$$rtexit$$00000004)
    Reset_Handler                            0x080002b9   Thumb Code     8  startup_stm32f401xc.o(.text)
    ADC_IRQHandler                           0x080002d3   Thumb Code     0  startup_stm32f401xc.o(.text)
    DMA1_Stream0_IRQHandler                  0x080002d3   Thumb Code     0  startup_stm32f401xc.o(.text)
    DMA1_Stream1_IRQHandler                  0x080002d3   Thumb Code     0  startup_stm32f401xc.o(.text)
    DMA1_Stream2_IRQHandler                  0x080002d3   Thumb Code     0  startup_stm32f401xc.o(.text)
    DMA1_Stream3_IRQHandler                  0x080002d3   Thumb Code     0  startup_stm32f401xc.o(.text)
    DMA1_Stream4_IRQHandler                  0x080002d3   Thumb Code     0  startup_stm32f401xc.o(.text)
    DMA1_Stream5_IRQHandler                  0x080002d3   Thumb Code     0  startup_stm32f401xc.o(.text)
    DMA1_Stream6_IRQHandler                  0x080002d3   Thumb Code     0  startup_stm32f401xc.o(.text)
    DMA1_Stream7_IRQHandler                  0x080002d3   Thumb Code     0  startup_stm32f401xc.o(.text)
    DMA2_Stream0_IRQHandler                  0x080002d3   Thumb Code     0  startup_stm32f401xc.o(.text)
    DMA2_Stream1_IRQHandler                  0x080002d3   Thumb Code     0  startup_stm32f401xc.o(.text)
    DMA2_Stream2_IRQHandler                  0x080002d3   Thumb Code     0  startup_stm32f401xc.o(.text)
    DMA2_Stream3_IRQHandler                  0x080002d3   Thumb Code     0  startup_stm32f401xc.o(.text)
    DMA2_Stream4_IRQHandler                  0x080002d3   Thumb Code     0  startup_stm32f401xc.o(.text)
    DMA2_Stream5_IRQHandler                  0x080002d3   Thumb Code     0  startup_stm32f401xc.o(.text)
    DMA2_Stream6_IRQHandler                  0x080002d3   Thumb Code     0  startup_stm32f401xc.o(.text)
    DMA2_Stream7_IRQHandler                  0x080002d3   Thumb Code     0  startup_stm32f401xc.o(.text)
    EXTI0_IRQHandler                         0x080002d3   Thumb Code     0  startup_stm32f401xc.o(.text)
    EXTI15_10_IRQHandler                     0x080002d3   Thumb Code     0  startup_stm32f401xc.o(.text)
    EXTI1_IRQHandler                         0x080002d3   Thumb Code     0  startup_stm32f401xc.o(.text)
    EXTI2_IRQHandler                         0x080002d3   Thumb Code     0  startup_stm32f401xc.o(.text)
    EXTI3_IRQHandler                         0x080002d3   Thumb Code     0  startup_stm32f401xc.o(.text)
    EXTI4_IRQHandler                         0x080002d3   Thumb Code     0  startup_stm32f401xc.o(.text)
    EXTI9_5_IRQHandler                       0x080002d3   Thumb Code     0  startup_stm32f401xc.o(.text)
    FLASH_IRQHandler                         0x080002d3   Thumb Code     0  startup_stm32f401xc.o(.text)
    FPU_IRQHandler                           0x080002d3   Thumb Code     0  startup_stm32f401xc.o(.text)
    I2C1_ER_IRQHandler                       0x080002d3   Thumb Code     0  startup_stm32f401xc.o(.text)
    I2C1_EV_IRQHandler                       0x080002d3   Thumb Code     0  startup_stm32f401xc.o(.text)
    I2C2_ER_IRQHandler                       0x080002d3   Thumb Code     0  startup_stm32f401xc.o(.text)
    I2C2_EV_IRQHandler                       0x080002d3   Thumb Code     0  startup_stm32f401xc.o(.text)
    I2C3_ER_IRQHandler                       0x080002d3   Thumb Code     0  startup_stm32f401xc.o(.text)
    I2C3_EV_IRQHandler                       0x080002d3   Thumb Code     0  startup_stm32f401xc.o(.text)
    OTG_FS_IRQHandler                        0x080002d3   Thumb Code     0  startup_stm32f401xc.o(.text)
    OTG_FS_WKUP_IRQHandler                   0x080002d3   Thumb Code     0  startup_stm32f401xc.o(.text)
    PVD_IRQHandler                           0x080002d3   Thumb Code     0  startup_stm32f401xc.o(.text)
    RCC_IRQHandler                           0x080002d3   Thumb Code     0  startup_stm32f401xc.o(.text)
    RTC_Alarm_IRQHandler                     0x080002d3   Thumb Code     0  startup_stm32f401xc.o(.text)
    RTC_WKUP_IRQHandler                      0x080002d3   Thumb Code     0  startup_stm32f401xc.o(.text)
    SDIO_IRQHandler                          0x080002d3   Thumb Code     0  startup_stm32f401xc.o(.text)
    SPI1_IRQHandler                          0x080002d3   Thumb Code     0  startup_stm32f401xc.o(.text)
    SPI2_IRQHandler                          0x080002d3   Thumb Code     0  startup_stm32f401xc.o(.text)
    SPI3_IRQHandler                          0x080002d3   Thumb Code     0  startup_stm32f401xc.o(.text)
    SPI4_IRQHandler                          0x080002d3   Thumb Code     0  startup_stm32f401xc.o(.text)
    TAMP_STAMP_IRQHandler                    0x080002d3   Thumb Code     0  startup_stm32f401xc.o(.text)
    TIM1_BRK_TIM9_IRQHandler                 0x080002d3   Thumb Code     0  startup_stm32f401xc.o(.text)
    TIM1_CC_IRQHandler                       0x080002d3   Thumb Code     0  startup_stm32f401xc.o(.text)
    TIM1_TRG_COM_TIM11_IRQHandler            0x080002d3   Thumb Code     0  startup_stm32f401xc.o(.text)
    TIM1_UP_TIM10_IRQHandler                 0x080002d3   Thumb Code     0  startup_stm32f401xc.o(.text)
    TIM2_IRQHandler                          0x080002d3   Thumb Code     0  startup_stm32f401xc.o(.text)
    TIM3_IRQHandler                          0x080002d3   Thumb Code     0  startup_stm32f401xc.o(.text)
    TIM4_IRQHandler                          0x080002d3   Thumb Code     0  startup_stm32f401xc.o(.text)
    TIM5_IRQHandler                          0x080002d3   Thumb Code     0  startup_stm32f401xc.o(.text)
    USART1_IRQHandler                        0x080002d3   Thumb Code     0  startup_stm32f401xc.o(.text)
    USART2_IRQHandler                        0x080002d3   Thumb Code     0  startup_stm32f401xc.o(.text)
    USART6_IRQHandler                        0x080002d3   Thumb Code     0  startup_stm32f401xc.o(.text)
    WWDG_IRQHandler                          0x080002d3   Thumb Code     0  startup_stm32f401xc.o(.text)
    __user_initial_stackheap                 0x080002d5   Thumb Code     0  startup_stm32f401xc.o(.text)
    __aeabi_uldivmod                         0x080002f9   Thumb Code     0  lludivv7m.o(.text)
    _ll_udiv                                 0x080002f9   Thumb Code   240  lludivv7m.o(.text)
    __2printf                                0x080003e9   Thumb Code    20  noretval__2printf.o(.text)
    _printf_pre_padding                      0x08000401   Thumb Code    44  _printf_pad.o(.text)
    _printf_post_padding                     0x0800042d   Thumb Code    34  _printf_pad.o(.text)
    _printf_truncate_signed                  0x0800044f   Thumb Code    18  _printf_truncate.o(.text)
    _printf_truncate_unsigned                0x08000461   Thumb Code    18  _printf_truncate.o(.text)
    _printf_str                              0x08000473   Thumb Code    82  _printf_str.o(.text)
    _printf_int_dec                          0x080004c5   Thumb Code   104  _printf_dec.o(.text)
    _printf_wctomb                           0x0800053d   Thumb Code   182  _printf_wctomb.o(.text)
    _printf_int_oct                          0x080005f9   Thumb Code    74  _printf_oct_int.o(.text)
    _printf_longlong_oct                     0x080005f9   Thumb Code     0  _printf_oct_int.o(.text)
    _printf_int_hex                          0x0800064d   Thumb Code    84  _printf_hex_int.o(.text)
    _printf_longlong_hex                     0x0800064d   Thumb Code     0  _printf_hex_int.o(.text)
    __printf                                 0x080006a5   Thumb Code   388  __printf_flags_ss_wp.o(.text)
    __aeabi_memclr4                          0x0800082d   Thumb Code     0  rt_memclr_w.o(.text)
    __aeabi_memclr8                          0x0800082d   Thumb Code     0  rt_memclr_w.o(.text)
    __rt_memclr_w                            0x0800082d   Thumb Code     0  rt_memclr_w.o(.text)
    _memset_w                                0x08000831   Thumb Code    74  rt_memclr_w.o(.text)
    __use_two_region_memory                  0x0800087b   Thumb Code     2  heapauxi.o(.text)
    __rt_heap_escrow                         0x0800087d   Thumb Code     2  heapauxi.o(.text)
    __rt_heap_expand                         0x0800087f   Thumb Code     2  heapauxi.o(.text)
    _printf_int_common                       0x08000881   Thumb Code   178  _printf_intcommon.o(.text)
    _printf_cs_common                        0x08000933   Thumb Code    20  _printf_char.o(.text)
    _printf_char                             0x08000947   Thumb Code    16  _printf_char.o(.text)
    _printf_string                           0x08000957   Thumb Code     8  _printf_char.o(.text)
    _printf_char_file                        0x08000961   Thumb Code    32  _printf_char_file.o(.text)
    _printf_lcs_common                       0x08000985   Thumb Code    20  _printf_wchar.o(.text)
    _printf_wchar                            0x08000999   Thumb Code    16  _printf_wchar.o(.text)
    _printf_wstring                          0x080009a9   Thumb Code     8  _printf_wchar.o(.text)
    _c16rtomb                                0x080009b1   Thumb Code    72  _c16rtomb.o(.text)
    _wcrtomb                                 0x080009b1   Thumb Code     0  _c16rtomb.o(.text)
    __rt_ctype_table                         0x080009f9   Thumb Code    16  rt_ctype_table.o(.text)
    _printf_char_common                      0x08000a13   Thumb Code    32  _printf_char_common.o(.text)
    ferror                                   0x08000a39   Thumb Code     8  ferror.o(.text)
    _initio                                  0x08000a41   Thumb Code   210  initio.o(.text)
    _terminateio                             0x08000b13   Thumb Code    56  initio.o(.text)
    __user_setup_stackheap                   0x08000b79   Thumb Code    74  sys_stackheap_outer.o(.text)
    __rt_locale                              0x08000bc5   Thumb Code     8  rt_locale_intlibspace.o(.text)
    free                                     0x08000bcd   Thumb Code    78  h1_free.o(.text)
    __flsbuf                                 0x08000c1b   Thumb Code   482  flsbuf.o(.text)
    __flsbuf_byte                            0x08000c1b   Thumb Code     0  flsbuf.o(.text)
    __flsbuf_wide                            0x08000c1b   Thumb Code     0  flsbuf.o(.text)
    setvbuf                                  0x08000dfd   Thumb Code    70  setvbuf.o(.text)
    freopen                                  0x08000e45   Thumb Code   160  fopen.o(.text)
    fopen                                    0x08000ee5   Thumb Code    74  fopen.o(.text)
    _fclose_internal                         0x08000f35   Thumb Code    76  fclose.o(.text)
    fclose                                   0x08000f35   Thumb Code     0  fclose.o(.text)
    exit                                     0x08000f81   Thumb Code    18  exit.o(.text)
    __rt_SIGRTRED                            0x08000f93   Thumb Code    14  defsig_rtred_outer.o(.text)
    _sys_open                                0x08000fa1   Thumb Code    20  sys_io.o(.text)
    _sys_close                               0x08000fb5   Thumb Code    12  sys_io.o(.text)
    _sys_write                               0x08000fc1   Thumb Code    16  sys_io.o(.text)
    _sys_read                                0x08000fd1   Thumb Code    14  sys_io.o(.text)
    _sys_istty                               0x08000fdf   Thumb Code    12  sys_io.o(.text)
    _sys_seek                                0x08000feb   Thumb Code    14  sys_io.o(.text)
    _sys_ensure                              0x08000ff9   Thumb Code     2  sys_io.o(.text)
    _sys_flen                                0x08000ffb   Thumb Code    12  sys_io.o(.text)
    __user_libspace                          0x08001009   Thumb Code     8  libspace.o(.text)
    __user_perproc_libspace                  0x08001009   Thumb Code     0  libspace.o(.text)
    __user_perthread_libspace                0x08001009   Thumb Code     0  libspace.o(.text)
    __rt_heap_descriptor                     0x08001011   Thumb Code     8  rt_heap_descriptor_intlibspace.o(.text)
    __use_no_heap                            0x08001019   Thumb Code     2  hguard.o(.text)
    __heap$guard                             0x0800101b   Thumb Code     2  hguard.o(.text)
    _terminate_user_alloc                    0x0800101d   Thumb Code     2  init_alloc.o(.text)
    _init_user_alloc                         0x0800101f   Thumb Code     2  init_alloc.o(.text)
    __Heap_Full                              0x08001021   Thumb Code    34  init_alloc.o(.text)
    __Heap_Broken                            0x08001043   Thumb Code     6  init_alloc.o(.text)
    _init_alloc                              0x08001049   Thumb Code    94  init_alloc.o(.text)
    malloc                                   0x080010a7   Thumb Code    94  h1_alloc.o(.text)
    _fseek                                   0x08001105   Thumb Code   242  fseek.o(.text)
    fseek                                    0x08001105   Thumb Code     0  fseek.o(.text)
    _seterr                                  0x080011fd   Thumb Code    20  stdio.o(.text)
    _writebuf                                0x08001211   Thumb Code   108  stdio.o(.text)
    _fflush                                  0x0800127d   Thumb Code    70  stdio.o(.text)
    _deferredlazyseek                        0x080012c3   Thumb Code    60  stdio.o(.text)
    __sig_exit                               0x08001305   Thumb Code    10  defsig_exit.o(.text)
    __rt_SIGRTRED_inner                      0x08001311   Thumb Code    14  defsig_rtred_inner.o(.text)
    strcmp                                   0x08001349   Thumb Code   124  strcmpv7em.o(.text)
    _sys_exit                                0x080013c5   Thumb Code     8  sys_exit.o(.text)
    __I$use$semihosting                      0x080013d1   Thumb Code     0  use_no_semi.o(.text)
    __use_no_semihosting_swi                 0x080013d1   Thumb Code     2  use_no_semi.o(.text)
    __Heap_Initialize                        0x080013d3   Thumb Code     8  h1_init.o(.text)
    __semihosting_library_function           0x080013d3   Thumb Code     0  indicate_semi.o(.text)
    _maybe_terminate_alloc                   0x080013d3   Thumb Code     0  maybetermalloc1.o(.text)
    __Heap_DescSize                          0x080013db   Thumb Code     4  h1_init.o(.text)
    __Heap_ProvideMemory                     0x080013df   Thumb Code    52  h1_extend.o(.text)
    _ftell_internal                          0x08001413   Thumb Code    66  ftell.o(.text)
    ftell                                    0x08001413   Thumb Code     0  ftell.o(.text)
    __default_signal_display                 0x08001455   Thumb Code    50  defsig_general.o(.text)
    __rt_SIGRTMEM                            0x08001487   Thumb Code    14  defsig_rtmem_outer.o(.text)
    strlen                                   0x08001495   Thumb Code    62  strlen.o(.text)
    _ttywrch                                 0x080014d3   Thumb Code    14  sys_wrch.o(.text)
    __aeabi_errno_addr                       0x080014e1   Thumb Code     8  rt_errno_addr_intlibspace.o(.text)
    __errno$intlibspace                      0x080014e1   Thumb Code     0  rt_errno_addr_intlibspace.o(.text)
    __rt_errno_addr$intlibspace              0x080014e1   Thumb Code     0  rt_errno_addr_intlibspace.o(.text)
    __rt_SIGRTMEM_inner                      0x080014e9   Thumb Code    22  defsig_rtmem_inner.o(.text)
    BusFault_Handler                         0x08001539   Thumb Code     2  stm32f4xx_it.o(.text.BusFault_Handler)
    DebugMon_Handler                         0x0800153d   Thumb Code     2  stm32f4xx_it.o(.text.DebugMon_Handler)
    Error_Handler                            0x08001541   Thumb Code     6  main.o(.text.Error_Handler)
    HAL_Delay                                0x08001549   Thumb Code    40  stm32f4xx_hal.o(.text.HAL_Delay)
    HAL_GPIO_Init                            0x08001571   Thumb Code   414  stm32f4xx_hal_gpio.o(.text.HAL_GPIO_Init)
    HAL_GPIO_WritePin                        0x08001711   Thumb Code    10  stm32f4xx_hal_gpio.o(.text.HAL_GPIO_WritePin)
    HAL_GetTick                              0x0800171d   Thumb Code    12  stm32f4xx_hal.o(.text.HAL_GetTick)
    HAL_I2C_Init                             0x08001729   Thumb Code   356  stm32f4xx_hal_i2c.o(.text.HAL_I2C_Init)
    HAL_I2C_MspInit                          0x0800188d   Thumb Code   116  i2c.o(.text.HAL_I2C_MspInit)
    HAL_IncTick                              0x08001901   Thumb Code    26  stm32f4xx_hal.o(.text.HAL_IncTick)
    HAL_Init                                 0x0800191d   Thumb Code    54  stm32f4xx_hal.o(.text.HAL_Init)
    HAL_InitTick                             0x08001955   Thumb Code    72  stm32f4xx_hal.o(.text.HAL_InitTick)
    HAL_MspInit                              0x0800199d   Thumb Code    56  stm32f4xx_hal_msp.o(.text.HAL_MspInit)
    HAL_NVIC_SetPriority                     0x080019d5   Thumb Code    86  stm32f4xx_hal_cortex.o(.text.HAL_NVIC_SetPriority)
    HAL_NVIC_SetPriorityGrouping             0x08001a2d   Thumb Code    32  stm32f4xx_hal_cortex.o(.text.HAL_NVIC_SetPriorityGrouping)
    HAL_RCC_ClockConfig                      0x08001a4d   Thumb Code   356  stm32f4xx_hal_rcc.o(.text.HAL_RCC_ClockConfig)
    HAL_RCC_GetPCLK1Freq                     0x08001bb1   Thumb Code    38  stm32f4xx_hal_rcc.o(.text.HAL_RCC_GetPCLK1Freq)
    HAL_RCC_GetPCLK2Freq                     0x08001bd9   Thumb Code    38  stm32f4xx_hal_rcc.o(.text.HAL_RCC_GetPCLK2Freq)
    HAL_RCC_GetSysClockFreq                  0x08001c01   Thumb Code   110  stm32f4xx_hal_rcc.o(.text.HAL_RCC_GetSysClockFreq)
    HAL_RCC_OscConfig                        0x08001c71   Thumb Code   940  stm32f4xx_hal_rcc.o(.text.HAL_RCC_OscConfig)
    HAL_SYSTICK_Config                       0x0800201d   Thumb Code    44  stm32f4xx_hal_cortex.o(.text.HAL_SYSTICK_Config)
    HAL_UART_Init                            0x08002049   Thumb Code    96  stm32f4xx_hal_uart.o(.text.HAL_UART_Init)
    HAL_UART_MspInit                         0x080020a9   Thumb Code   118  usart.o(.text.HAL_UART_MspInit)
    HardFault_Handler                        0x08002121   Thumb Code     2  stm32f4xx_it.o(.text.HardFault_Handler)
    MX_GPIO_Init                             0x08002125   Thumb Code   126  gpio.o(.text.MX_GPIO_Init)
    MX_I2C1_Init                             0x080021a5   Thumb Code    66  i2c.o(.text.MX_I2C1_Init)
    MX_USART1_UART_Init                      0x080021e9   Thumb Code    60  usart.o(.text.MX_USART1_UART_Init)
    MemManage_Handler                        0x08002225   Thumb Code     2  stm32f4xx_it.o(.text.MemManage_Handler)
    NMI_Handler                              0x08002229   Thumb Code     2  stm32f4xx_it.o(.text.NMI_Handler)
    PendSV_Handler                           0x0800222d   Thumb Code     2  stm32f4xx_it.o(.text.PendSV_Handler)
    SVC_Handler                              0x08002231   Thumb Code     2  stm32f4xx_it.o(.text.SVC_Handler)
    SysTick_Handler                          0x08002235   Thumb Code     4  stm32f4xx_it.o(.text.SysTick_Handler)
    SystemInit                               0x08002239   Thumb Code    18  system_stm32f4xx.o(.text.SystemInit)
    UsageFault_Handler                       0x08002335   Thumb Code     2  stm32f4xx_it.o(.text.UsageFault_Handler)
    ds3231_get_time                          0x08002339   Thumb Code   436  ds3231.o(.text.ds3231_get_time)
    i2c_init                                 0x080024ed   Thumb Code   110  ds3231.o(.text.i2c_init)
    main                                     0x0800255d   Thumb Code   254  main.o(.text.main)
    _is_digit                                0x0800265b   Thumb Code    14  __printf_wp.o(i._is_digit)
    fputc                                    0x08002669   Thumb Code    28  fputc.o(i.fputc)
    _get_lc_ctype                            0x08002685   Thumb Code    44  lc_ctype_c.o(locale$$code)
    _fp_init                                 0x080026b1   Thumb Code    26  fpinit.o(x$fpl$fpinit)
    __fplib_config_fpu_vfp                   0x080026c9   Thumb Code     0  fpinit.o(x$fpl$fpinit)
    __fplib_config_pureend_doubles           0x080026c9   Thumb Code     0  fpinit.o(x$fpl$fpinit)
    __stdin_name                             0x0800270d   Data           4  sys_io_names.o(.constdata)
    __stdout_name                            0x08002711   Data           4  sys_io_names.o(.constdata)
    __stderr_name                            0x08002715   Data           4  sys_io_names.o(.constdata)
    AHBPrescTable                            0x08002719   Data          16  system_stm32f4xx.o(.rodata.AHBPrescTable)
    APBPrescTable                            0x08002729   Data           8  system_stm32f4xx.o(.rodata.APBPrescTable)
    Region$$Table$$Base                      0x08002768   Number         0  anon$$obj.o(Region$$Table)
    Region$$Table$$Limit                     0x08002788   Number         0  anon$$obj.o(Region$$Table)
    __ctype                                  0x08002795   Data           0  lc_ctype_c.o(locale$$data)
    __aeabi_stdin                            0x20000000   Data           4  stdio_streams.o(.data)
    __aeabi_stdout                           0x20000004   Data           4  stdio_streams.o(.data)
    __aeabi_stderr                           0x20000008   Data           4  stdio_streams.o(.data)
    uwTickFreq                               0x2000000c   Data           1  stm32f4xx_hal.o(.data..L_MergedGlobals)
    uwTickPrio                               0x20000010   Data           4  stm32f4xx_hal.o(.data..L_MergedGlobals)
    SystemCoreClock                          0x20000014   Data           4  system_stm32f4xx.o(.data.SystemCoreClock)
    __stdin                                  0x20000018   Data          84  stdio_streams.o(.bss)
    __stdout                                 0x2000006c   Data          84  stdio_streams.o(.bss)
    __stderr                                 0x200000c0   Data          84  stdio_streams.o(.bss)
    __libspace_start                         0x20000114   Data          96  libspace.o(.bss)
    __temporary_stack_top$libspace           0x20000174   Data           0  libspace.o(.bss)
    currentTime                              0x20000175   Data           3  main.o(.bss..L_MergedGlobals)
    hi2c1                                    0x20000178   Data          84  i2c.o(.bss.hi2c1)
    huart1                                   0x200001cc   Data          72  usart.o(.bss.huart1)
    uwTick                                   0x20000214   Data           4  stm32f4xx_hal.o(.bss.uwTick)



==============================================================================

Memory Map of the image

  Image Entry point : 0x08000195

  Load Region LR_IROM1 (Base: 0x08000000, Size: 0x000028b0, Max: 0x00040000, ABSOLUTE)

    Execution Region ER_IROM1 (Exec base: 0x08000000, Load base: 0x08000000, Size: 0x00002898, Max: 0x00040000, ABSOLUTE)

    Exec Addr    Load Addr    Size         Type   Attr      Idx    E Section Name        Object

    0x08000000   0x08000000   0x00000194   Data   RO            3    RESET               startup_stm32f401xc.o
    0x08000194   0x08000194   0x00000008   Code   RO          893  * !!!main             c_w.l(__main.o)
    0x0800019c   0x0800019c   0x0000005c   Code   RO         1279    !!!scatter          c_w.l(__scatter.o)
    0x080001f8   0x080001f8   0x0000001a   Code   RO         1283    !!handler_copy      c_w.l(__scatter_copy.o)
    0x08000212   0x08000212   0x00000002   PAD
    0x08000214   0x08000214   0x00000002   Code   RO         1280    !!handler_null      c_w.l(__scatter.o)
    0x08000216   0x08000216   0x00000002   PAD
    0x08000218   0x08000218   0x0000001c   Code   RO         1285    !!handler_zi        c_w.l(__scatter_zi.o)
    0x08000234   0x08000234   0x00000000   Code   RO          887    .ARM.Collect$$_printf_percent$$00000000  c_w.l(_printf_percent.o)
    0x08000234   0x08000234   0x00000006   Code   RO          884    .ARM.Collect$$_printf_percent$$00000008  c_w.l(_printf_i.o)
    0x0800023a   0x0800023a   0x00000006   Code   RO          885    .ARM.Collect$$_printf_percent$$00000009  c_w.l(_printf_d.o)
    0x08000240   0x08000240   0x00000006   Code   RO          886    .ARM.Collect$$_printf_percent$$0000000A  c_w.l(_printf_u.o)
    0x08000246   0x08000246   0x00000006   Code   RO          883    .ARM.Collect$$_printf_percent$$0000000B  c_w.l(_printf_o.o)
    0x0800024c   0x0800024c   0x00000006   Code   RO          882    .ARM.Collect$$_printf_percent$$0000000C  c_w.l(_printf_x.o)
    0x08000252   0x08000252   0x0000000a   Code   RO          909    .ARM.Collect$$_printf_percent$$00000012  c_w.l(_printf_l.o)
    0x0800025c   0x0800025c   0x00000006   Code   RO          881    .ARM.Collect$$_printf_percent$$00000013  c_w.l(_printf_c.o)
    0x08000262   0x08000262   0x00000006   Code   RO          888    .ARM.Collect$$_printf_percent$$00000015  c_w.l(_printf_lc.o)
    0x08000268   0x08000268   0x00000004   Code   RO          908    .ARM.Collect$$_printf_percent$$00000017  c_w.l(_printf_percent_end.o)
    0x0800026c   0x0800026c   0x00000002   Code   RO         1054    .ARM.Collect$$libinit$$00000000  c_w.l(libinit.o)
    0x0800026e   0x0800026e   0x00000004   Code   RO         1055    .ARM.Collect$$libinit$$00000001  c_w.l(libinit2.o)
    0x08000272   0x08000272   0x00000000   Code   RO         1058    .ARM.Collect$$libinit$$00000004  c_w.l(libinit2.o)
    0x08000272   0x08000272   0x00000000   Code   RO         1060    .ARM.Collect$$libinit$$00000006  c_w.l(libinit2.o)
    0x08000272   0x08000272   0x00000008   Code   RO         1061    .ARM.Collect$$libinit$$00000007  c_w.l(libinit2.o)
    0x0800027a   0x0800027a   0x00000000   Code   RO         1063    .ARM.Collect$$libinit$$0000000C  c_w.l(libinit2.o)
    0x0800027a   0x0800027a   0x00000000   Code   RO         1065    .ARM.Collect$$libinit$$0000000E  c_w.l(libinit2.o)
    0x0800027a   0x0800027a   0x00000000   Code   RO         1067    .ARM.Collect$$libinit$$00000010  c_w.l(libinit2.o)
    0x0800027a   0x0800027a   0x00000006   Code   RO         1068    .ARM.Collect$$libinit$$00000011  c_w.l(libinit2.o)
    0x08000280   0x08000280   0x00000000   Code   RO         1070    .ARM.Collect$$libinit$$00000013  c_w.l(libinit2.o)
    0x08000280   0x08000280   0x0000000c   Code   RO         1071    .ARM.Collect$$libinit$$00000014  c_w.l(libinit2.o)
    0x0800028c   0x0800028c   0x00000000   Code   RO         1072    .ARM.Collect$$libinit$$00000015  c_w.l(libinit2.o)
    0x0800028c   0x0800028c   0x00000000   Code   RO         1074    .ARM.Collect$$libinit$$00000017  c_w.l(libinit2.o)
    0x0800028c   0x0800028c   0x00000000   Code   RO         1076    .ARM.Collect$$libinit$$00000019  c_w.l(libinit2.o)
    0x0800028c   0x0800028c   0x00000000   Code   RO         1078    .ARM.Collect$$libinit$$0000001B  c_w.l(libinit2.o)
    0x0800028c   0x0800028c   0x00000000   Code   RO         1080    .ARM.Collect$$libinit$$0000001D  c_w.l(libinit2.o)
    0x0800028c   0x0800028c   0x00000000   Code   RO         1082    .ARM.Collect$$libinit$$0000001F  c_w.l(libinit2.o)
    0x0800028c   0x0800028c   0x00000000   Code   RO         1084    .ARM.Collect$$libinit$$00000021  c_w.l(libinit2.o)
    0x0800028c   0x0800028c   0x00000000   Code   RO         1086    .ARM.Collect$$libinit$$00000023  c_w.l(libinit2.o)
    0x0800028c   0x0800028c   0x00000000   Code   RO         1088    .ARM.Collect$$libinit$$00000025  c_w.l(libinit2.o)
    0x0800028c   0x0800028c   0x00000004   Code   RO         1089    .ARM.Collect$$libinit$$00000026  c_w.l(libinit2.o)
    0x08000290   0x08000290   0x00000000   Code   RO         1090    .ARM.Collect$$libinit$$00000027  c_w.l(libinit2.o)
    0x08000290   0x08000290   0x00000000   Code   RO         1094    .ARM.Collect$$libinit$$0000002E  c_w.l(libinit2.o)
    0x08000290   0x08000290   0x00000000   Code   RO         1096    .ARM.Collect$$libinit$$00000030  c_w.l(libinit2.o)
    0x08000290   0x08000290   0x00000000   Code   RO         1098    .ARM.Collect$$libinit$$00000032  c_w.l(libinit2.o)
    0x08000290   0x08000290   0x00000000   Code   RO         1100    .ARM.Collect$$libinit$$00000034  c_w.l(libinit2.o)
    0x08000290   0x08000290   0x00000002   Code   RO         1101    .ARM.Collect$$libinit$$00000035  c_w.l(libinit2.o)
    0x08000292   0x08000292   0x00000002   Code   RO         1260    .ARM.Collect$$libshutdown$$00000000  c_w.l(libshutdown.o)
    0x08000294   0x08000294   0x00000000   Code   RO         1103    .ARM.Collect$$libshutdown$$00000002  c_w.l(libshutdown2.o)
    0x08000294   0x08000294   0x00000004   Code   RO         1104    .ARM.Collect$$libshutdown$$00000003  c_w.l(libshutdown2.o)
    0x08000298   0x08000298   0x00000000   Code   RO         1105    .ARM.Collect$$libshutdown$$00000004  c_w.l(libshutdown2.o)
    0x08000298   0x08000298   0x00000000   Code   RO         1108    .ARM.Collect$$libshutdown$$00000007  c_w.l(libshutdown2.o)
    0x08000298   0x08000298   0x00000000   Code   RO         1111    .ARM.Collect$$libshutdown$$0000000A  c_w.l(libshutdown2.o)
    0x08000298   0x08000298   0x00000000   Code   RO         1113    .ARM.Collect$$libshutdown$$0000000C  c_w.l(libshutdown2.o)
    0x08000298   0x08000298   0x00000000   Code   RO         1116    .ARM.Collect$$libshutdown$$0000000F  c_w.l(libshutdown2.o)
    0x08000298   0x08000298   0x00000002   Code   RO         1117    .ARM.Collect$$libshutdown$$00000010  c_w.l(libshutdown2.o)
    0x0800029a   0x0800029a   0x00000000   Code   RO          895    .ARM.Collect$$rtentry$$00000000  c_w.l(__rtentry.o)
    0x0800029a   0x0800029a   0x00000000   Code   RO          919    .ARM.Collect$$rtentry$$00000002  c_w.l(__rtentry2.o)
    0x0800029a   0x0800029a   0x00000006   Code   RO          931    .ARM.Collect$$rtentry$$00000004  c_w.l(__rtentry4.o)
    0x080002a0   0x080002a0   0x00000000   Code   RO          921    .ARM.Collect$$rtentry$$00000009  c_w.l(__rtentry2.o)
    0x080002a0   0x080002a0   0x00000004   Code   RO          922    .ARM.Collect$$rtentry$$0000000A  c_w.l(__rtentry2.o)
    0x080002a4   0x080002a4   0x00000000   Code   RO          924    .ARM.Collect$$rtentry$$0000000C  c_w.l(__rtentry2.o)
    0x080002a4   0x080002a4   0x00000008   Code   RO          925    .ARM.Collect$$rtentry$$0000000D  c_w.l(__rtentry2.o)
    0x080002ac   0x080002ac   0x00000002   Code   RO         1127    .ARM.Collect$$rtexit$$00000000  c_w.l(rtexit.o)
    0x080002ae   0x080002ae   0x00000000   Code   RO         1190    .ARM.Collect$$rtexit$$00000002  c_w.l(rtexit2.o)
    0x080002ae   0x080002ae   0x00000004   Code   RO         1191    .ARM.Collect$$rtexit$$00000003  c_w.l(rtexit2.o)
    0x080002b2   0x080002b2   0x00000006   Code   RO         1192    .ARM.Collect$$rtexit$$00000004  c_w.l(rtexit2.o)
    0x080002b8   0x080002b8   0x00000040   Code   RO            4    .text               startup_stm32f401xc.o
    0x080002f8   0x080002f8   0x000000f0   Code   RO          815    .text               c_w.l(lludivv7m.o)
    0x080003e8   0x080003e8   0x00000018   Code   RO          819    .text               c_w.l(noretval__2printf.o)
    0x08000400   0x08000400   0x0000004e   Code   RO          823    .text               c_w.l(_printf_pad.o)
    0x0800044e   0x0800044e   0x00000024   Code   RO          825    .text               c_w.l(_printf_truncate.o)
    0x08000472   0x08000472   0x00000052   Code   RO          827    .text               c_w.l(_printf_str.o)
    0x080004c4   0x080004c4   0x00000078   Code   RO          829    .text               c_w.l(_printf_dec.o)
    0x0800053c   0x0800053c   0x000000bc   Code   RO          831    .text               c_w.l(_printf_wctomb.o)
    0x080005f8   0x080005f8   0x00000054   Code   RO          836    .text               c_w.l(_printf_oct_int.o)
    0x0800064c   0x0800064c   0x00000058   Code   RO          843    .text               c_w.l(_printf_hex_int.o)
    0x080006a4   0x080006a4   0x00000188   Code   RO          878    .text               c_w.l(__printf_flags_ss_wp.o)
    0x0800082c   0x0800082c   0x0000004e   Code   RO          889    .text               c_w.l(rt_memclr_w.o)
    0x0800087a   0x0800087a   0x00000006   Code   RO          891    .text               c_w.l(heapauxi.o)
    0x08000880   0x08000880   0x000000b2   Code   RO          900    .text               c_w.l(_printf_intcommon.o)
    0x08000932   0x08000932   0x0000002c   Code   RO          902    .text               c_w.l(_printf_char.o)
    0x0800095e   0x0800095e   0x00000002   PAD
    0x08000960   0x08000960   0x00000024   Code   RO          904    .text               c_w.l(_printf_char_file.o)
    0x08000984   0x08000984   0x0000002c   Code   RO          906    .text               c_w.l(_printf_wchar.o)
    0x080009b0   0x080009b0   0x00000048   Code   RO          916    .text               c_w.l(_c16rtomb.o)
    0x080009f8   0x080009f8   0x00000010   Code   RO          933    .text               c_w.l(rt_ctype_table.o)
    0x08000a08   0x08000a08   0x00000030   Code   RO          937    .text               c_w.l(_printf_char_common.o)
    0x08000a38   0x08000a38   0x00000008   Code   RO          939    .text               c_w.l(ferror.o)
    0x08000a40   0x08000a40   0x00000138   Code   RO          945    .text               c_w.l(initio.o)
    0x08000b78   0x08000b78   0x0000004a   Code   RO          958    .text               c_w.l(sys_stackheap_outer.o)
    0x08000bc2   0x08000bc2   0x00000002   PAD
    0x08000bc4   0x08000bc4   0x00000008   Code   RO          963    .text               c_w.l(rt_locale_intlibspace.o)
    0x08000bcc   0x08000bcc   0x0000004e   Code   RO          967    .text               c_w.l(h1_free.o)
    0x08000c1a   0x08000c1a   0x000001e2   Code   RO         1023    .text               c_w.l(flsbuf.o)
    0x08000dfc   0x08000dfc   0x00000046   Code   RO         1025    .text               c_w.l(setvbuf.o)
    0x08000e42   0x08000e42   0x00000002   PAD
    0x08000e44   0x08000e44   0x000000f0   Code   RO         1028    .text               c_w.l(fopen.o)
    0x08000f34   0x08000f34   0x0000004c   Code   RO         1030    .text               c_w.l(fclose.o)
    0x08000f80   0x08000f80   0x00000012   Code   RO         1039    .text               c_w.l(exit.o)
    0x08000f92   0x08000f92   0x0000000e   Code   RO         1045    .text               c_w.l(defsig_rtred_outer.o)
    0x08000fa0   0x08000fa0   0x00000066   Code   RO         1120    .text               c_w.l(sys_io.o)
    0x08001006   0x08001006   0x00000002   PAD
    0x08001008   0x08001008   0x00000008   Code   RO         1124    .text               c_w.l(libspace.o)
    0x08001010   0x08001010   0x00000008   Code   RO         1134    .text               c_w.l(rt_heap_descriptor_intlibspace.o)
    0x08001018   0x08001018   0x00000004   Code   RO         1136    .text               c_w.l(hguard.o)
    0x0800101c   0x0800101c   0x0000008a   Code   RO         1138    .text               c_w.l(init_alloc.o)
    0x080010a6   0x080010a6   0x0000005e   Code   RO         1144    .text               c_w.l(h1_alloc.o)
    0x08001104   0x08001104   0x000000f8   Code   RO         1158    .text               c_w.l(fseek.o)
    0x080011fc   0x080011fc   0x00000108   Code   RO         1160    .text               c_w.l(stdio.o)
    0x08001304   0x08001304   0x0000000a   Code   RO         1166    .text               c_w.l(defsig_exit.o)
    0x0800130e   0x0800130e   0x00000002   PAD
    0x08001310   0x08001310   0x00000034   Code   RO         1170    .text               c_w.l(defsig_rtred_inner.o)
    0x08001344   0x08001344   0x00000004   PAD
    0x08001348   0x08001348   0x0000007c   Code   RO         1176    .text               c_w.l(strcmpv7em.o)
    0x080013c4   0x080013c4   0x0000000c   Code   RO         1182    .text               c_w.l(sys_exit.o)
    0x080013d0   0x080013d0   0x00000002   Code   RO         1186    .text               c_w.l(use_no_semi.o)
    0x080013d2   0x080013d2   0x00000000   Code   RO         1188    .text               c_w.l(indicate_semi.o)
    0x080013d2   0x080013d2   0x00000000   Code   RO         1196    .text               c_w.l(maybetermalloc1.o)
    0x080013d2   0x080013d2   0x0000000c   Code   RO         1198    .text               c_w.l(h1_init.o)
    0x080013de   0x080013de   0x00000034   Code   RO         1200    .text               c_w.l(h1_extend.o)
    0x08001412   0x08001412   0x00000042   Code   RO         1210    .text               c_w.l(ftell.o)
    0x08001454   0x08001454   0x00000032   Code   RO         1218    .text               c_w.l(defsig_general.o)
    0x08001486   0x08001486   0x0000000e   Code   RO         1220    .text               c_w.l(defsig_rtmem_outer.o)
    0x08001494   0x08001494   0x0000003e   Code   RO         1224    .text               c_w.l(strlen.o)
    0x080014d2   0x080014d2   0x0000000e   Code   RO         1237    .text               c_w.l(sys_wrch.o)
    0x080014e0   0x080014e0   0x00000008   Code   RO         1248    .text               c_w.l(rt_errno_addr_intlibspace.o)
    0x080014e8   0x080014e8   0x00000050   Code   RO         1254    .text               c_w.l(defsig_rtmem_inner.o)
    0x08001538   0x08001538   0x00000002   Code   RO           75    .text.BusFault_Handler  stm32f4xx_it.o
    0x0800153a   0x0800153a   0x00000002   PAD
    0x0800153c   0x0800153c   0x00000002   Code   RO           81    .text.DebugMon_Handler  stm32f4xx_it.o
    0x0800153e   0x0800153e   0x00000002   PAD
    0x08001540   0x08001540   0x00000006   Code   RO           17    .text.Error_Handler  main.o
    0x08001546   0x08001546   0x00000002   PAD
    0x08001548   0x08001548   0x00000028   Code   RO          607    .text.HAL_Delay     stm32f4xx_hal.o
    0x08001570   0x08001570   0x0000019e   Code   RO          394    .text.HAL_GPIO_Init  stm32f4xx_hal_gpio.o
    0x0800170e   0x0800170e   0x00000002   PAD
    0x08001710   0x08001710   0x0000000a   Code   RO          400    .text.HAL_GPIO_WritePin  stm32f4xx_hal_gpio.o
    0x0800171a   0x0800171a   0x00000002   PAD
    0x0800171c   0x0800171c   0x0000000c   Code   RO          599    .text.HAL_GetTick   stm32f4xx_hal.o
    0x08001728   0x08001728   0x00000164   Code   RO          126    .text.HAL_I2C_Init  stm32f4xx_hal_i2c.o
    0x0800188c   0x0800188c   0x00000074   Code   RO           41    .text.HAL_I2C_MspInit  i2c.o
    0x08001900   0x08001900   0x0000001a   Code   RO          597    .text.HAL_IncTick   stm32f4xx_hal.o
    0x0800191a   0x0800191a   0x00000002   PAD
    0x0800191c   0x0800191c   0x00000036   Code   RO          587    .text.HAL_Init      stm32f4xx_hal.o
    0x08001952   0x08001952   0x00000002   PAD
    0x08001954   0x08001954   0x00000048   Code   RO          589    .text.HAL_InitTick  stm32f4xx_hal.o
    0x0800199c   0x0800199c   0x00000038   Code   RO           94    .text.HAL_MspInit   stm32f4xx_hal_msp.o
    0x080019d4   0x080019d4   0x00000056   Code   RO          537    .text.HAL_NVIC_SetPriority  stm32f4xx_hal_cortex.o
    0x08001a2a   0x08001a2a   0x00000002   PAD
    0x08001a2c   0x08001a2c   0x00000020   Code   RO          535    .text.HAL_NVIC_SetPriorityGrouping  stm32f4xx_hal_cortex.o
    0x08001a4c   0x08001a4c   0x00000164   Code   RO          280    .text.HAL_RCC_ClockConfig  stm32f4xx_hal_rcc.o
    0x08001bb0   0x08001bb0   0x00000026   Code   RO          292    .text.HAL_RCC_GetPCLK1Freq  stm32f4xx_hal_rcc.o
    0x08001bd6   0x08001bd6   0x00000002   PAD
    0x08001bd8   0x08001bd8   0x00000026   Code   RO          294    .text.HAL_RCC_GetPCLK2Freq  stm32f4xx_hal_rcc.o
    0x08001bfe   0x08001bfe   0x00000002   PAD
    0x08001c00   0x08001c00   0x0000006e   Code   RO          282    .text.HAL_RCC_GetSysClockFreq  stm32f4xx_hal_rcc.o
    0x08001c6e   0x08001c6e   0x00000002   PAD
    0x08001c70   0x08001c70   0x000003ac   Code   RO          278    .text.HAL_RCC_OscConfig  stm32f4xx_hal_rcc.o
    0x0800201c   0x0800201c   0x0000002c   Code   RO          547    .text.HAL_SYSTICK_Config  stm32f4xx_hal_cortex.o
    0x08002048   0x08002048   0x00000060   Code   RO          677    .text.HAL_UART_Init  stm32f4xx_hal_uart.o
    0x080020a8   0x080020a8   0x00000076   Code   RO           56    .text.HAL_UART_MspInit  usart.o
    0x0800211e   0x0800211e   0x00000002   PAD
    0x08002120   0x08002120   0x00000002   Code   RO           71    .text.HardFault_Handler  stm32f4xx_it.o
    0x08002122   0x08002122   0x00000002   PAD
    0x08002124   0x08002124   0x0000007e   Code   RO           30    .text.MX_GPIO_Init  gpio.o
    0x080021a2   0x080021a2   0x00000002   PAD
    0x080021a4   0x080021a4   0x00000042   Code   RO           39    .text.MX_I2C1_Init  i2c.o
    0x080021e6   0x080021e6   0x00000002   PAD
    0x080021e8   0x080021e8   0x0000003c   Code   RO           54    .text.MX_USART1_UART_Init  usart.o
    0x08002224   0x08002224   0x00000002   Code   RO           73    .text.MemManage_Handler  stm32f4xx_it.o
    0x08002226   0x08002226   0x00000002   PAD
    0x08002228   0x08002228   0x00000002   Code   RO           69    .text.NMI_Handler   stm32f4xx_it.o
    0x0800222a   0x0800222a   0x00000002   PAD
    0x0800222c   0x0800222c   0x00000002   Code   RO           83    .text.PendSV_Handler  stm32f4xx_it.o
    0x0800222e   0x0800222e   0x00000002   PAD
    0x08002230   0x08002230   0x00000002   Code   RO           79    .text.SVC_Handler   stm32f4xx_it.o
    0x08002232   0x08002232   0x00000002   PAD
    0x08002234   0x08002234   0x00000004   Code   RO           85    .text.SysTick_Handler  stm32f4xx_it.o
    0x08002238   0x08002238   0x00000012   Code   RO          799    .text.SystemInit    system_stm32f4xx.o
    0x0800224a   0x0800224a   0x00000002   PAD
    0x0800224c   0x0800224c   0x000000e6   Code   RO          681    .text.UART_SetConfig  stm32f4xx_hal_uart.o
    0x08002332   0x08002332   0x00000002   PAD
    0x08002334   0x08002334   0x00000002   Code   RO           77    .text.UsageFault_Handler  stm32f4xx_it.o
    0x08002336   0x08002336   0x00000002   PAD
    0x08002338   0x08002338   0x000001b4   Code   RO          110    .text.ds3231_get_time  ds3231.o
    0x080024ec   0x080024ec   0x0000006e   Code   RO          102    .text.i2c_init      ds3231.o
    0x0800255a   0x0800255a   0x00000002   PAD
    0x0800255c   0x0800255c   0x000000fe   Code   RO           13    .text.main          main.o
    0x0800265a   0x0800265a   0x0000000e   Code   RO          871    i._is_digit         c_w.l(__printf_wp.o)
    0x08002668   0x08002668   0x0000001c   Code   RO          942    i.fputc             c_w.l(fputc.o)
    0x08002684   0x08002684   0x0000002c   Code   RO         1037    locale$$code        c_w.l(lc_ctype_c.o)
    0x080026b0   0x080026b0   0x0000001a   Code   RO         1180    x$fpl$fpinit        fz_wm.l(fpinit.o)
    0x080026ca   0x080026ca   0x00000002   PAD
    0x080026cc   0x080026cc   0x00000008   Data   RO          832    .constdata          c_w.l(_printf_wctomb.o)
    0x080026d4   0x080026d4   0x00000028   Data   RO          844    .constdata          c_w.l(_printf_hex_int.o)
    0x080026fc   0x080026fc   0x00000011   Data   RO          879    .constdata          c_w.l(__printf_flags_ss_wp.o)
    0x0800270d   0x0800270d   0x00000004   Data   RO          953    .constdata          c_w.l(sys_io_names.o)
    0x08002711   0x08002711   0x00000004   Data   RO          954    .constdata          c_w.l(sys_io_names.o)
    0x08002715   0x08002715   0x00000004   Data   RO          955    .constdata          c_w.l(sys_io_names.o)
    0x08002719   0x08002719   0x00000010   Data   RO          804    .rodata.AHBPrescTable  system_stm32f4xx.o
    0x08002729   0x08002729   0x00000008   Data   RO          805    .rodata.APBPrescTable  system_stm32f4xx.o
    0x08002731   0x08002731   0x00000037   Data   RO           19    .rodata.str1.1      main.o
    0x08002768   0x08002768   0x00000020   Data   RO         1278    Region$$Table       anon$$obj.o
    0x08002788   0x08002788   0x00000110   Data   RO         1036    locale$$data        c_w.l(lc_ctype_c.o)


    Execution Region RW_IRAM1 (Exec base: 0x20000000, Load base: 0x08002898, Size: 0x00000818, Max: 0x00010000, ABSOLUTE)

    Exec Addr    Load Addr    Size         Type   Attr      Idx    E Section Name        Object

    0x20000000   0x08002898   0x00000004   Data   RW          913    .data               c_w.l(stdio_streams.o)
    0x20000004   0x0800289c   0x00000004   Data   RW          914    .data               c_w.l(stdio_streams.o)
    0x20000008   0x080028a0   0x00000004   Data   RW          915    .data               c_w.l(stdio_streams.o)
    0x2000000c   0x080028a4   0x00000008   Data   RW          642    .data..L_MergedGlobals  stm32f4xx_hal.o
    0x20000014   0x080028ac   0x00000004   Data   RW          803    .data.SystemCoreClock  system_stm32f4xx.o
    0x20000018        -       0x00000054   Zero   RW          910    .bss                c_w.l(stdio_streams.o)
    0x2000006c        -       0x00000054   Zero   RW          911    .bss                c_w.l(stdio_streams.o)
    0x200000c0        -       0x00000054   Zero   RW          912    .bss                c_w.l(stdio_streams.o)
    0x20000114        -       0x00000060   Zero   RW         1125    .bss                c_w.l(libspace.o)
    0x20000174        -       0x00000004   Zero   RW           21    .bss..L_MergedGlobals  main.o
    0x20000178        -       0x00000054   Zero   RW           45    .bss.hi2c1          i2c.o
    0x200001cc        -       0x00000048   Zero   RW           60    .bss.huart1         usart.o
    0x20000214        -       0x00000004   Zero   RW          641    .bss.uwTick         stm32f4xx_hal.o
    0x20000218        -       0x00000200   Zero   RW            2    HEAP                startup_stm32f401xc.o
    0x20000418        -       0x00000400   Zero   RW            1    STACK               startup_stm32f401xc.o


==============================================================================

Image component sizes


      Code (inc. data)   RO Data    RW Data    ZI Data      Debug   Object Name

       546          0          0          0          0       7739   ds3231.o
       126          0          0          0          0       2246   gpio.o
       182          0          0          0         84       5362   i2c.o
       260          0         55          0          4       4033   main.o
        64         26        404          0       1536        880   startup_stm32f401xc.o
       204          0          0          8          4       6925   stm32f4xx_hal.o
       162          0          0          0          0      10273   stm32f4xx_hal_cortex.o
       424          0          0          0          0       5543   stm32f4xx_hal_gpio.o
       356          0          0          0          0      44666   stm32f4xx_hal_i2c.o
        56          0          0          0          0       1570   stm32f4xx_hal_msp.o
      1482          4          0          0          0       7660   stm32f4xx_hal_rcc.o
       326          0          0          0          0      32730   stm32f4xx_hal_uart.o
        20          0          0          0          0       1190   stm32f4xx_it.o
        18          0         24          4          0       2832   system_stm32f4xx.o
       178          0          0          0         72       5162   usart.o

    ----------------------------------------------------------------------
      4450         30        515         12       1700     138811   Object Totals
         0          0         32          0          0          0   (incl. Generated)
        46          0          0          0          0          0   (incl. Padding)

    ----------------------------------------------------------------------

      Code (inc. data)   RO Data    RW Data    ZI Data      Debug   Library Member Name

         8          0          0          0          0         68   __main.o
       392          4         17          0          0         92   __printf_flags_ss_wp.o
        14          0          0          0          0         68   __printf_wp.o
         0          0          0          0          0          0   __rtentry.o
        12          0          0          0          0          0   __rtentry2.o
         6          0          0          0          0          0   __rtentry4.o
        94          8          0          0          0          0   __scatter.o
        26          0          0          0          0          0   __scatter_copy.o
        28          0          0          0          0          0   __scatter_zi.o
        72          0          0          0          0         96   _c16rtomb.o
         6          0          0          0          0          0   _printf_c.o
        44          0          0          0          0        108   _printf_char.o
        48          6          0          0          0         96   _printf_char_common.o
        36          4          0          0          0         80   _printf_char_file.o
         6          0          0          0          0          0   _printf_d.o
       120         16          0          0          0         92   _printf_dec.o
        88          4         40          0          0         88   _printf_hex_int.o
         6          0          0          0          0          0   _printf_i.o
       178          0          0          0          0         88   _printf_intcommon.o
        10          0          0          0          0          0   _printf_l.o
         6          0          0          0          0          0   _printf_lc.o
         6          0          0          0          0          0   _printf_o.o
        84         10          0          0          0         88   _printf_oct_int.o
        78          0          0          0          0        108   _printf_pad.o
         0          0          0          0          0          0   _printf_percent.o
         4          0          0          0          0          0   _printf_percent_end.o
        82          0          0          0          0         80   _printf_str.o
        36          0          0          0          0         84   _printf_truncate.o
         6          0          0          0          0          0   _printf_u.o
        44          0          0          0          0        108   _printf_wchar.o
       188          6          8          0          0         92   _printf_wctomb.o
         6          0          0          0          0          0   _printf_x.o
        10          0          0          0          0         68   defsig_exit.o
        50          0          0          0          0         88   defsig_general.o
        80         58          0          0          0         76   defsig_rtmem_inner.o
        14          0          0          0          0         80   defsig_rtmem_outer.o
        52         38          0          0          0         76   defsig_rtred_inner.o
        14          0          0          0          0         80   defsig_rtred_outer.o
        18          0          0          0          0         80   exit.o
        76          0          0          0          0         88   fclose.o
         8          0          0          0          0         68   ferror.o
       482          0          0          0          0         92   flsbuf.o
       240          6          0          0          0        128   fopen.o
        28          0          0          0          0         68   fputc.o
       248          6          0          0          0         84   fseek.o
        66          0          0          0          0         76   ftell.o
        94          0          0          0          0         80   h1_alloc.o
        52          0          0          0          0         68   h1_extend.o
        78          0          0          0          0         80   h1_free.o
        12          0          0          0          0         84   h1_init.o
         6          0          0          0          0        152   heapauxi.o
         4          0          0          0          0        136   hguard.o
         0          0          0          0          0          0   indicate_semi.o
       138          0          0          0          0        168   init_alloc.o
       312         46          0          0          0        112   initio.o
        44         10        272          0          0         76   lc_ctype_c.o
         2          0          0          0          0          0   libinit.o
        36          0          0          0          0          0   libinit2.o
         2          0          0          0          0          0   libshutdown.o
         6          0          0          0          0          0   libshutdown2.o
         8          4          0          0         96         68   libspace.o
       240          0          0          0          0        100   lludivv7m.o
         0          0          0          0          0          0   maybetermalloc1.o
        24          4          0          0          0         84   noretval__2printf.o
        16          4          0          0          0         76   rt_ctype_table.o
         8          4          0          0          0         68   rt_errno_addr_intlibspace.o
         8          4          0          0          0         68   rt_heap_descriptor_intlibspace.o
         8          4          0          0          0         68   rt_locale_intlibspace.o
        78          0          0          0          0         80   rt_memclr_w.o
         2          0          0          0          0          0   rtexit.o
        10          0          0          0          0          0   rtexit2.o
        70          0          0          0          0         80   setvbuf.o
       264          6          0          0          0        160   stdio.o
         0          0          0         12        252          0   stdio_streams.o
       124          0          0          0          0         88   strcmpv7em.o
        62          0          0          0          0         76   strlen.o
        12          4          0          0          0         68   sys_exit.o
       102          0          0          0          0        240   sys_io.o
         0          0         12          0          0          0   sys_io_names.o
        74          0          0          0          0         80   sys_stackheap_outer.o
        14          0          0          0          0         76   sys_wrch.o
         2          0          0          0          0         68   use_no_semi.o
        26          0          0          0          0        116   fpinit.o

    ----------------------------------------------------------------------
      5078        260        349         12        348       5208   Library Totals
        20          4          0          0          0          0   (incl. Padding)

    ----------------------------------------------------------------------

      Code (inc. data)   RO Data    RW Data    ZI Data      Debug   Library Name

      5032        256        349         12        348       5092   c_w.l
        26          0          0          0          0        116   fz_wm.l

    ----------------------------------------------------------------------
      5078        260        349         12        348       5208   Library Totals

    ----------------------------------------------------------------------

==============================================================================


      Code (inc. data)   RO Data    RW Data    ZI Data      Debug   

      9528        290        864         24       2048     141071   Grand Totals
      9528        290        864         24       2048     141071   ELF Image Totals
      9528        290        864         24          0          0   ROM Totals

==============================================================================

    Total RO  Size (Code + RO Data)                10392 (  10.15kB)
    Total RW  Size (RW Data + ZI Data)              2072 (   2.02kB)
    Total ROM Size (Code + RO Data + RW Data)      10416 (  10.17kB)

==============================================================================

