../Core/Src/DS3231.c:6:6:i2c_init	4	static
../Core/Src/DS3231.c:24:6:i2c_writebyte	16	static
../Core/Src/DS3231.c:31:9:i2c_readbyte	16	static
../Core/Src/DS3231.c:41:6:i2c_addr_r	16	static
../Core/Src/DS3231.c:50:6:i2c_addr_w	16	static
../Core/Src/DS3231.c:58:6:i2c_stop	4	static
../Core/Src/DS3231.c:64:6:i2c_start	4	static
../Core/Src/DS3231.c:71:5:bcd2dec	16	static
../Core/Src/DS3231.c:73:5:decimal2bcd	16	static
../Core/Src/DS3231.c:75:9:ds3231_seconds	8	static
../Core/Src/DS3231.c:86:9:ds3231_minutes	8	static
../Core/Src/DS3231.c:97:9:ds3231_hours	8	static
../Core/Src/DS3231.c:108:6:ds3231_get_time	16	static
../Core/Src/DS3231.c:121:6:ds3231_get_date	16	static
../Core/Src/DS3231.c:134:6:ds3231_set_time	16	static
../Core/Src/DS3231.c:153:6:ds3231_set_date	16	static
